Archive member included to satisfy reference by file (symbol)

/usr/lib/gcc/arm-none-eabi/13.2.1/../../../arm-none-eabi/lib/thumb/v8-m.main+fp/softfp/libstdc++.a(new_handler.o)
                              CMakeFiles/LGMSerialLED.dir/PatManager.cpp.o (std::nothrow)
/usr/lib/gcc/arm-none-eabi/13.2.1/../../../arm-none-eabi/lib/thumb/v8-m.main+fp/softfp/libstdc++.a(new_opvnt.o)
                              CMakeFiles/LGMSerialLED.dir/PatManager.cpp.o (operator new[](unsigned int, std::nothrow_t const&))
/usr/lib/gcc/arm-none-eabi/13.2.1/../../../arm-none-eabi/lib/thumb/v8-m.main+fp/softfp/libstdc++.a(functexcept.o)
                              CMakeFiles/LGMSerialLED.dir/WS2812/source/GammaCollector.cpp.o (std::__throw_bad_alloc())
/usr/lib/gcc/arm-none-eabi/13.2.1/../../../arm-none-eabi/lib/thumb/v8-m.main+fp/softfp/libstdc++.a(hashtable_c++0x.o)
                              CMakeFiles/LGMSerialLED.dir/WS2812/source/GammaCollector.cpp.o (std::__detail::_Prime_rehash_policy::_M_need_rehash(unsigned int, unsigned int, unsigned int) const)
/usr/lib/gcc/arm-none-eabi/13.2.1/../../../arm-none-eabi/lib/thumb/v8-m.main+fp/softfp/libstdc++.a(bad_alloc.o)
                              /usr/lib/gcc/arm-none-eabi/13.2.1/../../../arm-none-eabi/lib/thumb/v8-m.main+fp/softfp/libstdc++.a(functexcept.o) (vtable for std::bad_alloc)
/usr/lib/gcc/arm-none-eabi/13.2.1/../../../arm-none-eabi/lib/thumb/v8-m.main+fp/softfp/libstdc++.a(bad_array_new.o)
                              /usr/lib/gcc/arm-none-eabi/13.2.1/../../../arm-none-eabi/lib/thumb/v8-m.main+fp/softfp/libstdc++.a(functexcept.o) (vtable for std::bad_array_new_length)
/usr/lib/gcc/arm-none-eabi/13.2.1/../../../arm-none-eabi/lib/thumb/v8-m.main+fp/softfp/libstdc++.a(bad_cast.o)
                              /usr/lib/gcc/arm-none-eabi/13.2.1/../../../arm-none-eabi/lib/thumb/v8-m.main+fp/softfp/libstdc++.a(functexcept.o) (vtable for std::bad_cast)
/usr/lib/gcc/arm-none-eabi/13.2.1/../../../arm-none-eabi/lib/thumb/v8-m.main+fp/softfp/libstdc++.a(bad_typeid.o)
                              /usr/lib/gcc/arm-none-eabi/13.2.1/../../../arm-none-eabi/lib/thumb/v8-m.main+fp/softfp/libstdc++.a(functexcept.o) (vtable for std::bad_typeid)
/usr/lib/gcc/arm-none-eabi/13.2.1/../../../arm-none-eabi/lib/thumb/v8-m.main+fp/softfp/libstdc++.a(eh_alloc.o)
                              /usr/lib/gcc/arm-none-eabi/13.2.1/../../../arm-none-eabi/lib/thumb/v8-m.main+fp/softfp/libstdc++.a(functexcept.o) (__cxa_allocate_exception)
/usr/lib/gcc/arm-none-eabi/13.2.1/../../../arm-none-eabi/lib/thumb/v8-m.main+fp/softfp/libstdc++.a(eh_arm.o)
                              /usr/lib/gcc/arm-none-eabi/13.2.1/../../../arm-none-eabi/lib/thumb/v8-m.main+fp/softfp/libstdc++.a(functexcept.o) (__cxa_end_cleanup)
/usr/lib/gcc/arm-none-eabi/13.2.1/../../../arm-none-eabi/lib/thumb/v8-m.main+fp/softfp/libstdc++.a(eh_catch.o)
                              /usr/lib/gcc/arm-none-eabi/13.2.1/../../../arm-none-eabi/lib/thumb/v8-m.main+fp/softfp/libstdc++.a(new_opvnt.o) (__cxa_begin_catch)
/usr/lib/gcc/arm-none-eabi/13.2.1/../../../arm-none-eabi/lib/thumb/v8-m.main+fp/softfp/libstdc++.a(eh_exception.o)
                              /usr/lib/gcc/arm-none-eabi/13.2.1/../../../arm-none-eabi/lib/thumb/v8-m.main+fp/softfp/libstdc++.a(bad_alloc.o) (std::exception::~exception())
/usr/lib/gcc/arm-none-eabi/13.2.1/../../../arm-none-eabi/lib/thumb/v8-m.main+fp/softfp/libstdc++.a(eh_globals.o)
                              /usr/lib/gcc/arm-none-eabi/13.2.1/../../../arm-none-eabi/lib/thumb/v8-m.main+fp/softfp/libstdc++.a(eh_catch.o) (__cxa_get_globals_fast)
/usr/lib/gcc/arm-none-eabi/13.2.1/../../../arm-none-eabi/lib/thumb/v8-m.main+fp/softfp/libstdc++.a(eh_personality.o)
                              /usr/lib/gcc/arm-none-eabi/13.2.1/../../../arm-none-eabi/lib/thumb/v8-m.main+fp/softfp/libstdc++.a(new_opvnt.o) (__gxx_personality_v0)
/usr/lib/gcc/arm-none-eabi/13.2.1/../../../arm-none-eabi/lib/thumb/v8-m.main+fp/softfp/libstdc++.a(eh_terminate.o)
                              /usr/lib/gcc/arm-none-eabi/13.2.1/../../../arm-none-eabi/lib/thumb/v8-m.main+fp/softfp/libstdc++.a(eh_alloc.o) (std::terminate())
/usr/lib/gcc/arm-none-eabi/13.2.1/../../../arm-none-eabi/lib/thumb/v8-m.main+fp/softfp/libstdc++.a(eh_throw.o)
                              /usr/lib/gcc/arm-none-eabi/13.2.1/../../../arm-none-eabi/lib/thumb/v8-m.main+fp/softfp/libstdc++.a(functexcept.o) (__cxa_throw)
/usr/lib/gcc/arm-none-eabi/13.2.1/../../../arm-none-eabi/lib/thumb/v8-m.main+fp/softfp/libstdc++.a(eh_unex_handler.o)
                              /usr/lib/gcc/arm-none-eabi/13.2.1/../../../arm-none-eabi/lib/thumb/v8-m.main+fp/softfp/libstdc++.a(eh_terminate.o) (__cxxabiv1::__unexpected_handler)
/usr/lib/gcc/arm-none-eabi/13.2.1/../../../arm-none-eabi/lib/thumb/v8-m.main+fp/softfp/libstdc++.a(si_class_type_info.o)
[...]
Memory Configuration

Name             Origin             Length             Attributes
FLASH            0x10000000         0x00400000         xr
RAM              0x20000000         0x00080000         xrw
SCRATCH_X        0x20080000         0x00001000         xrw
SCRATCH_Y        0x20081000         0x00001000         xrw
*default*        0x00000000         0xffffffff

Linker script and memory map

LOAD /usr/lib/gcc/arm-none-eabi/13.2.1/thumb/v8-m.main+fp/softfp/crti.o
LOAD /usr/lib/gcc/arm-none-eabi/13.2.1/thumb/v8-m.main+fp/softfp/crtbegin.o
LOAD /usr/lib/gcc/arm-none-eabi/13.2.1/../../../arm-none-eabi/lib/thumb/v8-m.main+fp/softfp/crt0.o

.flash_begin    0x10000000        0x0
                0x10000000                        __flash_binary_start = .

.text           0x10000000     0x6998
                0x10000000                        __logical_binary_start = .
 *(.vectors)
 .vectors       0x10000000      0x124 CMakeFiles/LGMSerialLED.dir/_deps/pico_sdk-src/src/rp2_common/pico_crt0/crt0.S.o
                0x10000000                __vectors
                0x10000000                __VECTOR_TABLE
                0x10000110                isr_securefault
                0x10000110                isr_irq30
                0x10000110                __unhandled_user_irq
                0x10000110                isr_irq49
                0x10000110                isr_irq13
                0x10000110                isr_irq43
                0x10000110                isr_irq45
                0x10000110                isr_irq27
                0x10000110                isr_irq32
                0x10000110                isr_irq31
                0x10000110                isr_irq5
                0x10000110                isr_irq11
                0x10000110                isr_irq23
                0x10000110                isr_usagefault
                0x10000110                isr_irq48
                0x10000110                isr_irq35
                0x10000110                isr_irq18
                0x10000110                isr_irq50
                0x10000110                isr_irq40
                0x10000110                isr_irq28
                0x10000110                isr_irq19
                0x10000110                isr_irq36
                0x10000110                isr_irq41
                0x10000110                isr_irq0
                0x10000110                isr_irq6
                0x10000110                isr_memmanage
                0x10000110                isr_irq37
                0x10000110                isr_irq42
                0x10000110                isr_irq22
                0x10000110                isr_irq17
                0x10000110                isr_irq38
                0x10000110                isr_irq14
                0x10000110                __vectors_end
                0x10000110                __default_isrs_start
                0x10000110                isr_irq2
                0x10000110                isr_irq10
                0x10000110                isr_irq8
                0x10000110                isr_debugmonitor
                0x10000110                isr_irq24
                0x10000110                isr_irq46
                0x10000110                isr_irq1
                0x10000110                isr_irq47
                0x10000110                isr_irq51
                0x10000110                isr_irq7
                0x10000110                isr_irq21
                0x10000110                isr_irq39
                0x10000110                isr_irq20
                0x10000110                isr_irq15
                0x10000110                isr_irq25
                0x10000110                isr_irq34
                0x10000110                isr_irq4
                0x10000110                isr_busfault
                0x10000110                isr_irq16
                0x10000110                isr_irq44
                0x10000110                isr_irq29
                0x10000110                isr_irq26
                0x10000110                isr_irq33
                0x10000110                isr_irq3
                0x10000110                isr_irq12
                0x10000110                isr_irq9
                0x10000116                unhandled_user_irq_num_in_r0
                0x10000118                isr_invalid
                0x1000011a                isr_nmi
                0x1000011c                isr_hardfault
                0x1000011e                isr_svcall
                0x10000120                isr_pendsv
                0x10000122                isr_systick
                0x10000124                __default_isrs_end
 *(.binary_info_header)
 .binary_info_header
                0x10000124       0x14 CMakeFiles/LGMSerialLED.dir/_deps/pico_sdk-src/src/rp2_common/pico_crt0/crt0.S.o
                0x10000138                        __binary_info_header_end = .
 *(.embedded_block)
 .embedded_block
                0x10000138       0x14 CMakeFiles/LGMSerialLED.dir/_deps/pico_sdk-src/src/rp2_common/pico_crt0/crt0.S.o
                0x1000014c                        __embedded_block_end = .
 *(.reset)
 .reset         0x1000014c       0x98 CMakeFiles/LGMSerialLED.dir/_deps/pico_sdk-src/src/rp2_common/pico_crt0/crt0.S.o
                0x1000014c                _entry_point
 *(.init)
 .init          0x100001e4        0x4 /usr/lib/gcc/arm-none-eabi/13.2.1/thumb/v8-m.main+fp/softfp/crti.o
                0x100001e4                _init
 *libgcc.a:cmse_nonsecure_call.o()
 *(EXCLUDE_FILE(*libm.a: *libc.a:*lib_a-mem*.o *libgcc.a:) .text*)
 .text          0x100001e8       0x8c /usr/lib/gcc/arm-none-eabi/13.2.1/thumb/v8-m.main+fp/softfp/crtbegin.o
 .text._Z11one_shot_cbP15repeating_timer
                0x10000274       0x30 CMakeFiles/LGMSerialLED.dir/LGMSerialLED.cpp.o
                0x10000274                one_shot_cb(repeating_timer*)
 .text._ZL14button_pressedj
                0x100002a4      0x1a8 CMakeFiles/LGMSerialLED.dir/LGMSerialLED.cpp.o
 .text._Z13gpio_callbackjm
                0x1000044c       0x24 CMakeFiles/LGMSerialLED.dir/LGMSerialLED.cpp.o
                0x1000044c                gpio_callback(unsigned int, unsigned long)
 .text.set_sys_clock_khz.constprop.0.isra.0
                0x10000470       0x34 CMakeFiles/LGMSerialLED.dir/LGMSerialLED.cpp.o
 .text.startup.main
                0x100004a4      0x558 CMakeFiles/LGMSerialLED.dir/LGMSerialLED.cpp.o
                0x100004a4                main
 .text.startup._GLOBAL__sub_I_iState
                0x100009fc       0xf4 CMakeFiles/LGMSerialLED.dir/LGMSerialLED.cpp.o
 .text._ZN6WS2812C2Ehhhhh
                0x10000af0      0x16c CMakeFiles/LGMSerialLED.dir/WS2812/source/WS2812.cpp.o
                0x10000af0                WS2812::WS2812(unsigned char, unsigned char, unsigned char, unsigned char, unsigned char)
                0x10000af0                WS2812::WS2812(unsigned char, unsigned char, unsigned char, unsigned char, unsigned char)
 .text._ZN6WS28125ResetEv
                0x10000c5c       0x8c CMakeFiles/LGMSerialLED.dir/WS2812/source/WS2812.cpp.o
                0x10000c5c                WS2812::Reset()
 .text._ZN6WS28125ClearEm
                0x10000ce8       0x30 CMakeFiles/LGMSerialLED.dir/WS2812/source/WS2812.cpp.o
                0x10000ce8                WS2812::Clear(unsigned long)
 .text._ZN6WS281210DrawBufferEPKmhhhhmb
                0x10000d18      0x174 CMakeFiles/LGMSerialLED.dir/WS2812/source/WS2812.cpp.o
                0x10000d18                WS2812::DrawBuffer(unsigned long const*, unsigned char, unsigned char, unsigned char, unsigned char, unsigned long, bool)
 .text._ZN6WS281210ScanBufferEbb
                0x10000e8c      0x174 CMakeFiles/LGMSerialLED.dir/WS2812/source/WS2812.cpp.o
                0x10000e8c                WS2812::ScanBuffer(bool, bool)
 .text._ZN10PatManager5resetEv
                0x10001000       0x1c CMakeFiles/LGMSerialLED.dir/PatManager.cpp.o
                0x10001000                PatManager::reset()
 .text._ZN10PatManager4initEPKmjtt
                0x1000101c       0x74 CMakeFiles/LGMSerialLED.dir/PatManager.cpp.o
                0x1000101c                PatManager::init(unsigned long const*, unsigned int, unsigned short, unsigned short)
 .text._ZN10PatManager8setGammaEf
                0x10001090      0x114 CMakeFiles/LGMSerialLED.dir/PatManager.cpp.o
                0x10001090                PatManager::setGamma(float)
 *fill*         0x100011a4        0x4 
 .text._ZN10PatManager13setGreenRangeEhh
                0x100011a8       0xc8 CMakeFiles/LGMSerialLED.dir/PatManager.cpp.o
                0x100011a8                PatManager::setGreenRange(unsigned char, unsigned char)
 .text._ZN10PatManager11setRedRangeEhh
                0x10001270       0xc8 CMakeFiles/LGMSerialLED.dir/PatManager.cpp.o
                0x10001270                PatManager::setRedRange(unsigned char, unsigned char)
 .text._ZN10PatManager12setBlueRangeEhh
                0x10001338       0xcc CMakeFiles/LGMSerialLED.dir/PatManager.cpp.o
                0x10001338                PatManager::setBlueRange(unsigned char, unsigned char)
 .text._ZN10PatManager12getBufferPtrEj
                0x10001404       0x24 CMakeFiles/LGMSerialLED.dir/PatManager.cpp.o
                0x10001404                PatManager::getBufferPtr(unsigned int)
 .text._ZN10PatManager21setBrightnessContrastEii
                0x10001428      0x12c CMakeFiles/LGMSerialLED.dir/PatManager.cpp.o
                0x10001428                PatManager::setBrightnessContrast(int, int)
 .text.gpio_default_irq_handler
                0x10001554      0x1b4 CMakeFiles/LGMSerialLED.dir/_deps/pico_sdk-src/src/rp2_common/hardware_gpio/gpio.c.o
 .text.gpio_set_function
                0x10001708       0x3c CMakeFiles/LGMSerialLED.dir/_deps/pico_sdk-src/src/rp2_common/hardware_gpio/gpio.c.o
                0x10001708                gpio_set_function
 .text.gpio_set_pulls
                0x10001744       0x28 CMakeFiles/LGMSerialLED.dir/_deps/pico_sdk-src/src/rp2_common/hardware_gpio/gpio.c.o
                0x10001744                gpio_set_pulls
 .text.gpio_set_irq_enabled_with_callback
                0x1000176c       0xac CMakeFiles/LGMSerialLED.dir/_deps/pico_sdk-src/src/rp2_common/hardware_gpio/gpio.c.o
                0x1000176c                gpio_set_irq_enabled_with_callback
 .text.gpio_init
                0x10001818       0x48 CMakeFiles/LGMSerialLED.dir/_deps/pico_sdk-src/src/rp2_common/hardware_gpio/gpio.c.o
                0x10001818                gpio_init
 .text.panic    0x10001860       0x30 CMakeFiles/LGMSerialLED.dir/_deps/pico_sdk-src/src/rp2_common/pico_platform_panic/panic.c.o
                0x10001860                panic
 .text.hw_claim_lock
                0x10001890       0x24 CMakeFiles/LGMSerialLED.dir/_deps/pico_sdk-src/src/common/hardware_claim/claim.c.o
                0x10001890                hw_claim_lock
 .text.hw_claim_unlock
                0x100018b4       0x14 CMakeFiles/LGMSerialLED.dir/_deps/pico_sdk-src/src/common/hardware_claim/claim.c.o
                0x100018b4                hw_claim_unlock
 .text.hw_claim_or_assert
                0x100018c8       0x58 CMakeFiles/LGMSerialLED.dir/_deps/pico_sdk-src/src/common/hardware_claim/claim.c.o
                0x100018c8                hw_claim_or_assert
 .text.hw_claim_unused_from_range
                0x10001920       0x9c CMakeFiles/LGMSerialLED.dir/_deps/pico_sdk-src/src/common/hardware_claim/claim.c.o
                0x10001920                hw_claim_unused_from_range
 .text.next_striped_spin_lock_num
                0x100019bc       0x18 CMakeFiles/LGMSerialLED.dir/_deps/pico_sdk-src/src/rp2_common/hardware_sync/sync.c.o
                0x100019bc                next_striped_spin_lock_num
 .text.spinlock_set_extexclall
                0x100019d4       0x10 CMakeFiles/LGMSerialLED.dir/_deps/pico_sdk-src/src/rp2_common/hardware_sync_spin_lock/sync_spin_lock.c.o
 .text.spin_locks_reset
                0x100019e4       0x18 CMakeFiles/LGMSerialLED.dir/_deps/pico_sdk-src/src/rp2_common/hardware_sync_spin_lock/sync_spin_lock.c.o
                0x100019e4                spin_locks_reset
 .text.runtime_init_per_core_irq_priorities
                0x100019fc       0x40 CMakeFiles/LGMSerialLED.dir/_deps/pico_sdk-src/src/rp2_common/hardware_irq/irq.c.o
                0x100019fc                runtime_init_per_core_irq_priorities
 .text.irq_set_enabled
                0x10001a3c       0x2c CMakeFiles/LGMSerialLED.dir/_deps/pico_sdk-src/src/rp2_common/hardware_irq/irq.c.o
                0x10001a3c                irq_set_enabled
 .text.irq_set_exclusive_handler
                0x10001a68       0x60 CMakeFiles/LGMSerialLED.dir/_deps/pico_sdk-src/src/rp2_common/hardware_irq/irq.c.o
                0x10001a68                irq_set_exclusive_handler
 .text.irq_add_shared_handler
                0x10001ac8      0x1e8 CMakeFiles/LGMSerialLED.dir/_deps/pico_sdk-src/src/rp2_common/hardware_irq/irq.c.o
                0x10001ac8                irq_add_shared_handler
 .text.irq_remove_handler
                0x10001cb0      0x1fc CMakeFiles/LGMSerialLED.dir/_deps/pico_sdk-src/src/rp2_common/hardware_irq/irq.c.o
                0x10001cb0                irq_remove_handler
 .text.irq_add_tail_to_free_list
                0x10001eac       0xbc CMakeFiles/LGMSerialLED.dir/_deps/pico_sdk-src/src/rp2_common/hardware_irq/irq.c.o
                0x10001eac                irq_add_tail_to_free_list
 .text.lock_init
                0x10001f68        0xc CMakeFiles/LGMSerialLED.dir/_deps/pico_sdk-src/src/common/pico_sync/lock_core.c.o
                0x10001f68                lock_init
 .text.runtime_init_mutex
                0x10001f74       0x4c CMakeFiles/LGMSerialLED.dir/_deps/pico_sdk-src/src/common/pico_sync/mutex.c.o
                0x10001f74                runtime_init_mutex
 .text.sleep_until_callback
                0x10001fc0       0x3c CMakeFiles/LGMSerialLED.dir/_deps/pico_sdk-src/src/common/pico_time/time.c.o
 *fill*         0x10001ffc        0x4 
 .text.alarm_pool_irq_handler
                0x10002000      0x2f0 CMakeFiles/LGMSerialLED.dir/_deps/pico_sdk-src/src/common/pico_time/time.c.o
 .text.runtime_init_default_alarm_pool
                0x100022f0      0x100 CMakeFiles/LGMSerialLED.dir/_deps/pico_sdk-src/src/common/pico_time/time.c.o
                0x100022f0                runtime_init_default_alarm_pool
 .text.alarm_pool_get_default
                0x100023f0        0x8 CMakeFiles/LGMSerialLED.dir/_deps/pico_sdk-src/src/common/pico_time/time.c.o
                0x100023f0                alarm_pool_get_default
 .text.alarm_pool_add_alarm_at_force_in_context
                0x100023f8       0xc8 CMakeFiles/LGMSerialLED.dir/_deps/pico_sdk-src/src/common/pico_time/time.c.o
                0x100023f8                alarm_pool_add_alarm_at_force_in_context
 .text.alarm_pool_cancel_alarm
                0x100024c0       0x80 CMakeFiles/LGMSerialLED.dir/_deps/pico_sdk-src/src/common/pico_time/time.c.o
                0x100024c0                alarm_pool_cancel_alarm
 .text.sleep_until
                0x10002540       0xbc CMakeFiles/LGMSerialLED.dir/_deps/pico_sdk-src/src/common/pico_time/time.c.o
                0x10002540                sleep_until
 .text.sleep_us
                0x100025fc       0x30 CMakeFiles/LGMSerialLED.dir/_deps/pico_sdk-src/src/common/pico_time/time.c.o
                0x100025fc                sleep_us
 .text.sleep_ms
                0x1000262c       0x2c CMakeFiles/LGMSerialLED.dir/_deps/pico_sdk-src/src/common/pico_time/time.c.o
                0x1000262c                sleep_ms
 .text.best_effort_wfe_or_timeout
                0x10002658       0xbc CMakeFiles/LGMSerialLED.dir/_deps/pico_sdk-src/src/common/pico_time/time.c.o
                0x10002658                best_effort_wfe_or_timeout
 .text.alarm_pool_add_repeating_timer_us
                0x10002714      0x120 CMakeFiles/LGMSerialLED.dir/_deps/pico_sdk-src/src/common/pico_time/time.c.o
                0x10002714                alarm_pool_add_repeating_timer_us
 .text.timer_hardware_alarm_claim
                0x10002834       0x24 CMakeFiles/LGMSerialLED.dir/_deps/pico_sdk-src/src/rp2_common/hardware_timer/timer.c.o
                0x10002834                timer_hardware_alarm_claim
 .text.timer_time_us_64
                0x10002858       0x10 CMakeFiles/LGMSerialLED.dir/_deps/pico_sdk-src/src/rp2_common/hardware_timer/timer.c.o
                0x10002858                timer_time_us_64
 .text.time_us_64
                0x10002868       0x14 CMakeFiles/LGMSerialLED.dir/_deps/pico_sdk-src/src/rp2_common/hardware_timer/timer.c.o
                0x10002868                time_us_64
 .text.busy_wait_us
                0x1000287c       0x64 CMakeFiles/LGMSerialLED.dir/_deps/pico_sdk-src/src/rp2_common/hardware_timer/timer.c.o
                0x1000287c                busy_wait_us
 .text.busy_wait_until
                0x100028e0       0x24 CMakeFiles/LGMSerialLED.dir/_deps/pico_sdk-src/src/rp2_common/hardware_timer/timer.c.o
                0x100028e0                busy_wait_until
 .text.uart_init
                0x10002904      0x104 CMakeFiles/LGMSerialLED.dir/_deps/pico_sdk-src/src/rp2_common/hardware_uart/uart.c.o
                0x10002904                uart_init
 .text.clock_configure_undivided
                0x10002a08       0xd0 CMakeFiles/LGMSerialLED.dir/_deps/pico_sdk-src/src/rp2_common/hardware_clocks/clocks.c.o
                0x10002a08                clock_configure_undivided
 .text.clock_get_hz
                0x10002ad8        0xc CMakeFiles/LGMSerialLED.dir/_deps/pico_sdk-src/src/rp2_common/hardware_clocks/clocks.c.o
                0x10002ad8                clock_get_hz
 .text.set_sys_clock_pll
                0x10002ae4      0x184 CMakeFiles/LGMSerialLED.dir/_deps/pico_sdk-src/src/rp2_common/hardware_clocks/clocks.c.o
                0x10002ae4                set_sys_clock_pll
 .text.check_sys_clock_khz
                0x10002c68      0x19c CMakeFiles/LGMSerialLED.dir/_deps/pico_sdk-src/src/rp2_common/hardware_clocks/clocks.c.o
                0x10002c68                check_sys_clock_khz
 .text.pll_init
                0x10002e04       0x8c CMakeFiles/LGMSerialLED.dir/_deps/pico_sdk-src/src/rp2_common/hardware_pll/pll.c.o
                0x10002e04                pll_init
 .text.tick_start
                0x10002e90       0x18 CMakeFiles/LGMSerialLED.dir/_deps/pico_sdk-src/src/rp2_common/hardware_ticks/ticks.c.o
                0x10002e90                tick_start
 .text.rom_func_lookup
                0x10002ea8       0x18 CMakeFiles/LGMSerialLED.dir/_deps/pico_sdk-src/src/rp2_common/pico_bootrom/bootrom.c.o
                0x10002ea8                rom_func_lookup
 .text.runtime_init_bootrom_locking_enable
                0x10002ec0       0x14 CMakeFiles/LGMSerialLED.dir/_deps/pico_sdk-src/src/rp2_common/pico_bootrom/bootrom_lock.c.o
                0x10002ec0                runtime_init_bootrom_locking_enable
 .text.runtime_init_boot_locks_reset
                0x10002ed4       0x1c CMakeFiles/LGMSerialLED.dir/_deps/pico_sdk-src/src/rp2_common/hardware_boot_lock/boot_lock.c.o
                0x10002ed4                runtime_init_boot_locks_reset
 .text.xosc_init
                0x10002ef0       0x30 CMakeFiles/LGMSerialLED.dir/_deps/pico_sdk-src/src/rp2_common/hardware_xosc/xosc.c.o
                0x10002ef0                xosc_init
 .text.first_per_core_initializer
                0x10002f20        0x4 CMakeFiles/LGMSerialLED.dir/_deps/pico_sdk-src/src/rp2_common/pico_runtime/runtime.c.o
 .text.hard_assertion_failure
                0x10002f24        0xc CMakeFiles/LGMSerialLED.dir/_deps/pico_sdk-src/src/rp2_common/pico_runtime/runtime.c.o
                0x10002f24                hard_assertion_failure
 .text.runtime_run_initializers
                0x10002f30       0x20 CMakeFiles/LGMSerialLED.dir/_deps/pico_sdk-src/src/rp2_common/pico_runtime/runtime.c.o
                0x10002f30                runtime_run_initializers
 .text.runtime_init_early_resets
                0x10002f50       0x34 CMakeFiles/LGMSerialLED.dir/_deps/pico_sdk-src/src/rp2_common/pico_runtime_init/runtime_init.c.o
                0x10002f50                runtime_init_early_resets
 .text.runtime_init_usb_power_down
                0x10002f84       0x1c CMakeFiles/LGMSerialLED.dir/_deps/pico_sdk-src/src/rp2_common/pico_runtime_init/runtime_init.c.o
                0x10002f84                runtime_init_usb_power_down
 .text.runtime_init_per_core_enable_coprocessors
                0x10002fa0       0x1c CMakeFiles/LGMSerialLED.dir/_deps/pico_sdk-src/src/rp2_common/pico_runtime_init/runtime_init.c.o
                0x10002fa0                runtime_init_per_core_enable_coprocessors
 .text.runtime_init_post_clock_resets
                0x10002fbc       0x20 CMakeFiles/LGMSerialLED.dir/_deps/pico_sdk-src/src/rp2_common/pico_runtime_init/runtime_init.c.o
                0x10002fbc                runtime_init_post_clock_resets
 .text.runtime_init_bootrom_reset
                0x10002fdc       0x14 CMakeFiles/LGMSerialLED.dir/_deps/pico_sdk-src/src/rp2_common/pico_runtime_init/runtime_init.c.o
                0x10002fdc                runtime_init_bootrom_reset
 .text.runtime_init_per_core_bootrom_reset
                0x10002ff0       0x14 CMakeFiles/LGMSerialLED.dir/_deps/pico_sdk-src/src/rp2_common/pico_runtime_init/runtime_init.c.o
                0x10002ff0                runtime_init_per_core_bootrom_reset
 .text.runtime_init_spin_locks_reset
                0x10003004        0x4 CMakeFiles/LGMSerialLED.dir/_deps/pico_sdk-src/src/rp2_common/pico_runtime_init/runtime_init.c.o
                0x10003004                runtime_init_spin_locks_reset
 .text.runtime_init_install_ram_vector_table
                0x10003008       0x68 CMakeFiles/LGMSerialLED.dir/_deps/pico_sdk-src/src/rp2_common/pico_runtime_init/runtime_init.c.o
                0x10003008                runtime_init_install_ram_vector_table
 .text.runtime_init_clocks
                0x10003070       0xdc CMakeFiles/LGMSerialLED.dir/_deps/pico_sdk-src/src/rp2_common/pico_runtime_init/runtime_init_clocks.c.o
                0x10003070                runtime_init_clocks
 .text.__rp2350_dcp_engaged_state_save_restore
                0x1000314c       0x3a CMakeFiles/LGMSerialLED.dir/_deps/pico_sdk-src/src/rp2_common/pico_double/double_aeabi_dcp.S.o
 *fill*         0x10003186        0x2 
 .text.__wrap___aeabi_dmul
                0x10003188       0x4c CMakeFiles/LGMSerialLED.dir/_deps/pico_sdk-src/src/rp2_common/pico_double/double_aeabi_dcp.S.o
                0x10003190                __wrap___aeabi_dmul
 .text.__wrap___aeabi_ddiv
                0x100031d4       0x9c CMakeFiles/LGMSerialLED.dir/_deps/pico_sdk-src/src/rp2_common/pico_double/double_aeabi_dcp.S.o
                0x100031dc                __wrap___aeabi_ddiv
 .text.__wrap___aeabi_d2f
                0x10003270       0x1c CMakeFiles/LGMSerialLED.dir/_deps/pico_sdk-src/src/rp2_common/pico_double/double_aeabi_dcp.S.o
                0x10003278                double2float
                0x10003278                __wrap___aeabi_d2f
 .text.__wrap___aeabi_i2d
                0x1000328c       0x24 CMakeFiles/LGMSerialLED.dir/_deps/pico_sdk-src/src/rp2_common/pico_double/double_aeabi_dcp.S.o
                0x10003294                __wrap___aeabi_i2d
                0x10003294                int2double
 .text.__wrap___aeabi_d2iz
                0x100032b0       0x24 CMakeFiles/LGMSerialLED.dir/_deps/pico_sdk-src/src/rp2_common/pico_double/double_aeabi_dcp.S.o
                0x100032b8                __wrap___aeabi_d2iz
                0x100032b8                double2int_z
 .text.dpack    0x100032d4       0x58 CMakeFiles/LGMSerialLED.dir/_deps/pico_sdk-src/src/rp2_common/pico_double/double_sci_m33.S.o
 .text.dreduce  0x1000332c       0x7a CMakeFiles/LGMSerialLED.dir/_deps/pico_sdk-src/src/rp2_common/pico_double/double_sci_m33.S.o
 *fill*         0x100033a6        0x2 
 .text.exptab   0x100033a8      0x1fc CMakeFiles/LGMSerialLED.dir/_deps/pico_sdk-src/src/rp2_common/pico_double/double_sci_m33.S.o
                0x100033a8                exptab0
                0x10003408                exptab1
                0x10003498                exptab2
                0x10003518                logtab0
 .text.__wrap_exp
                0x100035a4      0x148 CMakeFiles/LGMSerialLED.dir/_deps/pico_sdk-src/src/rp2_common/pico_double/double_sci_m33.S.o
                0x100035ce                __wrap_exp
 .text.__wrap_log
                0x100036ec      0x358 CMakeFiles/LGMSerialLED.dir/_deps/pico_sdk-src/src/rp2_common/pico_double/double_sci_m33.S.o
                0x100038ca                __wrap_log
 .text.fpow_int2
                0x10003a44       0xdc CMakeFiles/LGMSerialLED.dir/_deps/pico_sdk-src/src/rp2_common/pico_float/float_math.c.o
 .text.fpow_0   0x10003b20       0xe8 CMakeFiles/LGMSerialLED.dir/_deps/pico_sdk-src/src/rp2_common/pico_float/float_math.c.o
 .text.__wrap_powf
                0x10003c08      0x1ec CMakeFiles/LGMSerialLED.dir/_deps/pico_sdk-src/src/rp2_common/pico_float/float_math.c.o
                0x10003c08                __wrap_powf
 .text.__wrap_malloc
                0x10003df4       0x24 CMakeFiles/LGMSerialLED.dir/_deps/pico_sdk-src/src/rp2_common/pico_malloc/malloc.c.o
                0x10003df4                __wrap_malloc
 .text.__wrap_free
                0x10003e18        0x4 CMakeFiles/LGMSerialLED.dir/_deps/pico_sdk-src/src/rp2_common/pico_malloc/malloc.c.o
                0x10003e18                __wrap_free
 .text._Znaj    0x10003e1c        0x4 CMakeFiles/LGMSerialLED.dir/_deps/pico_sdk-src/src/rp2_common/pico_cxx_options/new_delete.cpp.o
                0x10003e1c                operator new[](unsigned int)
 .text._ZdaPv   0x10003e20        0x4 CMakeFiles/LGMSerialLED.dir/_deps/pico_sdk-src/src/rp2_common/pico_cxx_options/new_delete.cpp.o
                0x10003e20                operator delete[](void*)
 .text._ZdlPvj  0x10003e24        0x4 CMakeFiles/LGMSerialLED.dir/_deps/pico_sdk-src/src/rp2_common/pico_cxx_options/new_delete.cpp.o
                0x10003e24                operator delete(void*, unsigned int)
 .text._out_char
                0x10003e28        0x8 CMakeFiles/LGMSerialLED.dir/_deps/pico_sdk-src/src/rp2_common/pico_printf/printf.c.o
 .text.weak_raw_vprintf
                0x10003e30       0x30 CMakeFiles/LGMSerialLED.dir/_deps/pico_sdk-src/src/rp2_common/pico_printf/printf.c.o
                0x10003e30                weak_raw_vprintf
 .text._exit    0x10003e60        0x4 CMakeFiles/LGMSerialLED.dir/_deps/pico_sdk-src/src/rp2_common/pico_clib_interface/newlib_interface.c.o
                0x10003e60                _exit
 .text._sbrk    0x10003e64       0x2c CMakeFiles/LGMSerialLED.dir/_deps/pico_sdk-src/src/rp2_common/pico_clib_interface/newlib_interface.c.o
                0x10003e64                _sbrk
 .text._getpid  0x10003e90        0x4 CMakeFiles/LGMSerialLED.dir/_deps/pico_sdk-src/src/rp2_common/pico_clib_interface/newlib_interface.c.o
                0x10003e90                _getpid
 .text._kill    0x10003e94        0x8 CMakeFiles/LGMSerialLED.dir/_deps/pico_sdk-src/src/rp2_common/pico_clib_interface/newlib_interface.c.o
                0x10003e94                _kill
 .text.exit     0x10003e9c        0x8 CMakeFiles/LGMSerialLED.dir/_deps/pico_sdk-src/src/rp2_common/pico_clib_interface/newlib_interface.c.o
                0x10003e9c                exit
 .text.runtime_init
                0x10003ea4       0x24 CMakeFiles/LGMSerialLED.dir/_deps/pico_sdk-src/src/rp2_common/pico_clib_interface/newlib_interface.c.o
                0x10003ea4                runtime_init
 .text.stdio_out_chars_no_crlf
                0x10003ec8        0x8 CMakeFiles/LGMSerialLED.dir/_deps/pico_sdk-src/src/rp2_common/pico_stdio/stdio.c.o
 .text.stdio_out_chars_crlf
                0x10003ed0       0xac CMakeFiles/LGMSerialLED.dir/_deps/pico_sdk-src/src/rp2_common/pico_stdio/stdio.c.o
 .text.stdio_put_string
                0x10003f7c       0xf0 CMakeFiles/LGMSerialLED.dir/_deps/pico_sdk-src/src/rp2_common/pico_stdio/stdio.c.o
                0x10003f7c                stdio_put_string
 .text.stdio_set_driver_enabled
                0x1000406c       0x30 CMakeFiles/LGMSerialLED.dir/_deps/pico_sdk-src/src/rp2_common/pico_stdio/stdio.c.o
                0x1000406c                stdio_set_driver_enabled
 .text.stdio_init_all
                0x1000409c        0xc CMakeFiles/LGMSerialLED.dir/_deps/pico_sdk-src/src/rp2_common/pico_stdio/stdio.c.o
                0x1000409c                stdio_init_all
 .text.__wrap_putchar
                0x100040a8       0x84 CMakeFiles/LGMSerialLED.dir/_deps/pico_sdk-src/src/rp2_common/pico_stdio/stdio.c.o
                0x100040a8                stdio_putchar
                0x100040a8                __wrap_putchar
 .text.__wrap_puts
                0x1000412c       0x3c CMakeFiles/LGMSerialLED.dir/_deps/pico_sdk-src/src/rp2_common/pico_stdio/stdio.c.o
                0x1000412c                __wrap_puts
                0x1000412c                stdio_puts
 .text.stdio_uart_out_chars
                0x10004168       0x50 CMakeFiles/LGMSerialLED.dir/_deps/pico_sdk-src/src/rp2_common/pico_stdio_uart/stdio_uart.c.o
 .text.stdio_uart_in_chars
                0x100041b8       0x94 CMakeFiles/LGMSerialLED.dir/_deps/pico_sdk-src/src/rp2_common/pico_stdio_uart/stdio_uart.c.o
                0x100041b8                stdio_uart_in_chars
 .text.on_uart_rx
                0x1000424c       0x24 CMakeFiles/LGMSerialLED.dir/_deps/pico_sdk-src/src/rp2_common/pico_stdio_uart/stdio_uart.c.o
 .text.stdio_uart_out_flush
                0x10004270       0x10 CMakeFiles/LGMSerialLED.dir/_deps/pico_sdk-src/src/rp2_common/pico_stdio_uart/stdio_uart.c.o
 .text.stdio_uart_set_chars_available_callback
                0x10004280       0x88 CMakeFiles/LGMSerialLED.dir/_deps/pico_sdk-src/src/rp2_common/pico_stdio_uart/stdio_uart.c.o
 .text.stdio_uart_init
                0x10004308       0x54 CMakeFiles/LGMSerialLED.dir/_deps/pico_sdk-src/src/rp2_common/pico_stdio_uart/stdio_uart.c.o
                0x10004308                stdio_uart_init
 .text.pio_claim_unused_sm
                0x1000435c       0x38 CMakeFiles/LGMSerialLED.dir/_deps/pico_sdk-src/src/rp2_common/hardware_pio/pio.c.o
                0x1000435c                pio_claim_unused_sm
 .text.pio_add_program
                0x10004394       0xf8 CMakeFiles/LGMSerialLED.dir/_deps/pico_sdk-src/src/rp2_common/hardware_pio/pio.c.o
                0x10004394                pio_add_program
 .text.pio_sm_set_consecutive_pindirs
                0x1000448c       0x8c CMakeFiles/LGMSerialLED.dir/_deps/pico_sdk-src/src/rp2_common/hardware_pio/pio.c.o
                0x1000448c                pio_sm_set_consecutive_pindirs
 .text.pio_sm_init
                0x10004518       0xa8 CMakeFiles/LGMSerialLED.dir/_deps/pico_sdk-src/src/rp2_common/hardware_pio/pio.c.o
                0x10004518                pio_sm_init
 .text._ZnajRKSt9nothrow_t
                0x100045c0       0x14 /usr/lib/gcc/arm-none-eabi/13.2.1/../../../arm-none-eabi/lib/thumb/v8-m.main+fp/softfp/libstdc++.a(new_opvnt.o)
                0x100045c0                operator new[](unsigned int, std::nothrow_t const&)
 .text._ZN12_GLOBAL__N_14pool4freeEPv.constprop.0
                0x100045d4       0x80 /usr/lib/gcc/arm-none-eabi/13.2.1/../../../arm-none-eabi/lib/thumb/v8-m.main+fp/softfp/libstdc++.a(eh_alloc.o)
 .text._ZN12_GLOBAL__N_14pool8allocateEj.constprop.0
                0x10004654       0x58 /usr/lib/gcc/arm-none-eabi/13.2.1/../../../arm-none-eabi/lib/thumb/v8-m.main+fp/softfp/libstdc++.a(eh_alloc.o)
 .text.__cxa_allocate_exception
                0x100046ac       0x30 /usr/lib/gcc/arm-none-eabi/13.2.1/../../../arm-none-eabi/lib/thumb/v8-m.main+fp/softfp/libstdc++.a(eh_alloc.o)
                0x100046ac                __cxa_allocate_exception
 .text.__cxa_free_exception
                0x100046dc       0x20 /usr/lib/gcc/arm-none-eabi/13.2.1/../../../arm-none-eabi/lib/thumb/v8-m.main+fp/softfp/libstdc++.a(eh_alloc.o)
                0x100046dc                __cxa_free_exception
 .text.startup._GLOBAL__sub_I__ZN9__gnu_cxx9__freeresEv
                0x100046fc      0x100 /usr/lib/gcc/arm-none-eabi/13.2.1/../../../arm-none-eabi/lib/thumb/v8-m.main+fp/softfp/libstdc++.a(eh_alloc.o)
 .text.__cxa_end_cleanup
                0x100047fc        0xc /usr/lib/gcc/arm-none-eabi/13.2.1/../../../arm-none-eabi/lib/thumb/v8-m.main+fp/softfp/libstdc++.a(eh_arm.o)
                0x100047fc                __cxa_end_cleanup
 .text.__cxa_type_match
                0x10004808       0xb0 /usr/lib/gcc/arm-none-eabi/13.2.1/../../../arm-none-eabi/lib/thumb/v8-m.main+fp/softfp/libstdc++.a(eh_arm.o)
                0x10004808                __cxa_type_match
 .text.__cxa_begin_cleanup
                0x100048b8       0x64 /usr/lib/gcc/arm-none-eabi/13.2.1/../../../arm-none-eabi/lib/thumb/v8-m.main+fp/softfp/libstdc++.a(eh_arm.o)
                0x100048b8                __cxa_begin_cleanup
 .text.__gnu_end_cleanup
                0x1000491c       0x70 /usr/lib/gcc/arm-none-eabi/13.2.1/../../../arm-none-eabi/lib/thumb/v8-m.main+fp/softfp/libstdc++.a(eh_arm.o)
                0x1000491c                __gnu_end_cleanup
 .text.__cxa_begin_catch
                0x1000498c       0x7c /usr/lib/gcc/arm-none-eabi/13.2.1/../../../arm-none-eabi/lib/thumb/v8-m.main+fp/softfp/libstdc++.a(eh_catch.o)
                0x1000498c                __cxa_begin_catch
 .text.__cxa_end_catch
                0x10004a08       0x88 /usr/lib/gcc/arm-none-eabi/13.2.1/../../../arm-none-eabi/lib/thumb/v8-m.main+fp/softfp/libstdc++.a(eh_catch.o)
                0x10004a08                __cxa_end_catch
 .text._ZNSt13bad_exceptionD2Ev
                0x10004a90        0x4 /usr/lib/gcc/arm-none-eabi/13.2.1/../../../arm-none-eabi/lib/thumb/v8-m.main+fp/softfp/libstdc++.a(eh_exception.o)
                0x10004a90                std::bad_exception::~bad_exception()
                0x10004a90                std::bad_exception::~bad_exception()
 .text._ZNKSt13bad_exception4whatEv
                0x10004a94        0x8 /usr/lib/gcc/arm-none-eabi/13.2.1/../../../arm-none-eabi/lib/thumb/v8-m.main+fp/softfp/libstdc++.a(eh_exception.o)
                0x10004a94                transaction clone for std::bad_exception::what() const
                0x10004a94                std::bad_exception::what() const
 .text._ZNSt13bad_exceptionD0Ev
                0x10004a9c       0x10 /usr/lib/gcc/arm-none-eabi/13.2.1/../../../arm-none-eabi/lib/thumb/v8-m.main+fp/softfp/libstdc++.a(eh_exception.o)
                0x10004a9c                std::bad_exception::~bad_exception()
 .text.__cxa_get_globals_fast
                0x10004aac        0x8 /usr/lib/gcc/arm-none-eabi/13.2.1/../../../arm-none-eabi/lib/thumb/v8-m.main+fp/softfp/libstdc++.a(eh_globals.o)
                0x10004aac                __cxa_get_globals_fast
 .text.__cxa_get_globals
                0x10004ab4        0x8 /usr/lib/gcc/arm-none-eabi/13.2.1/../../../arm-none-eabi/lib/thumb/v8-m.main+fp/softfp/libstdc++.a(eh_globals.o)
                0x10004ab4                __cxa_get_globals
 .text._ZL28read_encoded_value_with_basehjPKhPj
                0x10004abc       0xc0 /usr/lib/gcc/arm-none-eabi/13.2.1/../../../arm-none-eabi/lib/thumb/v8-m.main+fp/softfp/libstdc++.a(eh_personality.o)
 .text._ZL21base_of_encoded_valuehP15_Unwind_Context
                0x10004b7c       0x44 /usr/lib/gcc/arm-none-eabi/13.2.1/../../../arm-none-eabi/lib/thumb/v8-m.main+fp/softfp/libstdc++.a(eh_personality.o)
 .text._ZL17parse_lsda_headerP15_Unwind_ContextPKhP16lsda_header_info
                0x10004bc0       0x90 /usr/lib/gcc/arm-none-eabi/13.2.1/../../../arm-none-eabi/lib/thumb/v8-m.main+fp/softfp/libstdc++.a(eh_personality.o)
 .text.__gxx_personality_v0
                0x10004c50      0x424 /usr/lib/gcc/arm-none-eabi/13.2.1/../../../arm-none-eabi/lib/thumb/v8-m.main+fp/softfp/libstdc++.a(eh_personality.o)
                0x10004c50                __gxx_personality_v0
 .text._ZN10__cxxabiv111__terminateEPFvvE
                0x10005074       0x10 /usr/lib/gcc/arm-none-eabi/13.2.1/../../../arm-none-eabi/lib/thumb/v8-m.main+fp/softfp/libstdc++.a(eh_terminate.o)
                0x10005074                __cxxabiv1::__terminate(void (*)())
 .text._ZSt9terminatev
                0x10005084       0x10 /usr/lib/gcc/arm-none-eabi/13.2.1/../../../arm-none-eabi/lib/thumb/v8-m.main+fp/softfp/libstdc++.a(eh_terminate.o)
                0x10005084                std::terminate()
 .text._ZN10__cxxabiv112__unexpectedEPFvvE
                0x10005094        0x8 /usr/lib/gcc/arm-none-eabi/13.2.1/../../../arm-none-eabi/lib/thumb/v8-m.main+fp/softfp/libstdc++.a(eh_terminate.o)
                0x10005094                __cxxabiv1::__unexpected(void (*)())
 .text._ZSt10unexpectedv
                0x1000509c       0x10 /usr/lib/gcc/arm-none-eabi/13.2.1/../../../arm-none-eabi/lib/thumb/v8-m.main+fp/softfp/libstdc++.a(eh_terminate.o)
                0x1000509c                std::unexpected()
 .text._ZSt13get_terminatev
                0x100050ac        0xc /usr/lib/gcc/arm-none-eabi/13.2.1/../../../arm-none-eabi/lib/thumb/v8-m.main+fp/softfp/libstdc++.a(eh_terminate.o)
                0x100050ac                std::get_terminate()
 .text._ZSt14get_unexpectedv
                0x100050b8        0xc /usr/lib/gcc/arm-none-eabi/13.2.1/../../../arm-none-eabi/lib/thumb/v8-m.main+fp/softfp/libstdc++.a(eh_terminate.o)
                0x100050b8                std::get_unexpected()
 .text._ZL23__gxx_exception_cleanup19_Unwind_Reason_CodeP21_Unwind_Control_Block
                0x100050c4       0x3c /usr/lib/gcc/arm-none-eabi/13.2.1/../../../arm-none-eabi/lib/thumb/v8-m.main+fp/softfp/libstdc++.a(eh_throw.o)
 .text.__cxa_init_primary_exception
                0x10005100       0x44 /usr/lib/gcc/arm-none-eabi/13.2.1/../../../arm-none-eabi/lib/thumb/v8-m.main+fp/softfp/libstdc++.a(eh_throw.o)
                0x10005100                __cxa_init_primary_exception
 .text.__cxa_throw
                0x10005144       0x38 /usr/lib/gcc/arm-none-eabi/13.2.1/../../../arm-none-eabi/lib/thumb/v8-m.main+fp/softfp/libstdc++.a(eh_throw.o)
                0x10005144                __cxa_throw
 .text.__cxa_rethrow
                0x1000517c       0x70 /usr/lib/gcc/arm-none-eabi/13.2.1/../../../arm-none-eabi/lib/thumb/v8-m.main+fp/softfp/libstdc++.a(eh_throw.o)
                0x1000517c                __cxa_rethrow
 .text._ZN10__cxxabiv120__si_class_type_infoD2Ev
                0x100051ec       0x14 /usr/lib/gcc/arm-none-eabi/13.2.1/../../../arm-none-eabi/lib/thumb/v8-m.main+fp/softfp/libstdc++.a(si_class_type_info.o)
                0x100051ec                __cxxabiv1::__si_class_type_info::~__si_class_type_info()
                0x100051ec                __cxxabiv1::__si_class_type_info::~__si_class_type_info()
 .text._ZN10__cxxabiv120__si_class_type_infoD0Ev
                0x10005200       0x1c /usr/lib/gcc/arm-none-eabi/13.2.1/../../../arm-none-eabi/lib/thumb/v8-m.main+fp/softfp/libstdc++.a(si_class_type_info.o)
                0x10005200                __cxxabiv1::__si_class_type_info::~__si_class_type_info()
 .text._ZNK10__cxxabiv120__si_class_type_info20__do_find_public_srcEiPKvPKNS_17__class_type_infoES2_
                0x1000521c       0x3c /usr/lib/gcc/arm-none-eabi/13.2.1/../../../arm-none-eabi/lib/thumb/v8-m.main+fp/softfp/libstdc++.a(si_class_type_info.o)
                0x1000521c                __cxxabiv1::__si_class_type_info::__do_find_public_src(int, void const*, __cxxabiv1::__class_type_info const*, void const*) const
 .text._ZNK10__cxxabiv120__si_class_type_info12__do_dyncastEiNS_17__class_type_info10__sub_kindEPKS1_PKvS4_S6_RNS1_16__dyncast_resultE
                0x10005258       0x84 /usr/lib/gcc/arm-none-eabi/13.2.1/../../../arm-none-eabi/lib/thumb/v8-m.main+fp/softfp/libstdc++.a(si_class_type_info.o)
                0x10005258                __cxxabiv1::__si_class_type_info::__do_dyncast(int, __cxxabiv1::__class_type_info::__sub_kind, __cxxabiv1::__class_type_info const*, void const*, __cxxabiv1::__class_type_info const*, void const*, __cxxabiv1::__class_type_info::__dyncast_result&) const
 .text._ZNK10__cxxabiv120__si_class_type_info11__do_upcastEPKNS_17__class_type_infoEPKvRNS1_15__upcast_resultE
                0x100052dc       0x2c /usr/lib/gcc/arm-none-eabi/13.2.1/../../../arm-none-eabi/lib/thumb/v8-m.main+fp/softfp/libstdc++.a(si_class_type_info.o)
                0x100052dc                __cxxabiv1::__si_class_type_info::__do_upcast(__cxxabiv1::__class_type_info const*, void const*, __cxxabiv1::__class_type_info::__upcast_result&) const
 .text._ZNSt9type_infoD2Ev
                0x10005308        0x4 /usr/lib/gcc/arm-none-eabi/13.2.1/../../../arm-none-eabi/lib/thumb/v8-m.main+fp/softfp/libstdc++.a(tinfo.o)
                0x10005308                std::type_info::~type_info()
                0x10005308                std::type_info::~type_info()
 .text._ZNKSt9type_info14__is_pointer_pEv
                0x1000530c        0x4 /usr/lib/gcc/arm-none-eabi/13.2.1/../../../arm-none-eabi/lib/thumb/v8-m.main+fp/softfp/libstdc++.a(tinfo.o)
                0x1000530c                std::type_info::__is_function_p() const
                0x1000530c                std::type_info::__is_pointer_p() const
 .text._ZNKSt9type_infoeqERKS_
                0x10005310       0x2c /usr/lib/gcc/arm-none-eabi/13.2.1/../../../arm-none-eabi/lib/thumb/v8-m.main+fp/softfp/libstdc++.a(tinfo.o)
                0x10005310                std::type_info::__equal(std::type_info const&) const
                0x10005310                std::type_info::operator==(std::type_info const&) const
 .text._ZNK10__cxxabiv117__class_type_info11__do_upcastEPKS0_PPv
                0x1000533c       0x38 /usr/lib/gcc/arm-none-eabi/13.2.1/../../../arm-none-eabi/lib/thumb/v8-m.main+fp/softfp/libstdc++.a(class_type_info.o)
                0x1000533c                __cxxabiv1::__class_type_info::__do_upcast(__cxxabiv1::__class_type_info const*, void**) const
 .text._ZNK10__cxxabiv117__class_type_info20__do_find_public_srcEiPKvPKS0_S2_
                0x10005374        0xc /usr/lib/gcc/arm-none-eabi/13.2.1/../../../arm-none-eabi/lib/thumb/v8-m.main+fp/softfp/libstdc++.a(class_type_info.o)
                0x10005374                __cxxabiv1::__class_type_info::__do_find_public_src(int, void const*, __cxxabiv1::__class_type_info const*, void const*) const
 .text._ZN10__cxxabiv117__class_type_infoD2Ev
                0x10005380       0x14 /usr/lib/gcc/arm-none-eabi/13.2.1/../../../arm-none-eabi/lib/thumb/v8-m.main+fp/softfp/libstdc++.a(class_type_info.o)
                0x10005380                __cxxabiv1::__class_type_info::~__class_type_info()
                0x10005380                __cxxabiv1::__class_type_info::~__class_type_info()
 .text._ZN10__cxxabiv117__class_type_infoD0Ev
                0x10005394       0x1c /usr/lib/gcc/arm-none-eabi/13.2.1/../../../arm-none-eabi/lib/thumb/v8-m.main+fp/softfp/libstdc++.a(class_type_info.o)
                0x10005394                __cxxabiv1::__class_type_info::~__class_type_info()
 .text._ZNK10__cxxabiv117__class_type_info12__do_dyncastEiNS0_10__sub_kindEPKS0_PKvS3_S5_RNS0_16__dyncast_resultE
                0x100053b0       0x44 /usr/lib/gcc/arm-none-eabi/13.2.1/../../../arm-none-eabi/lib/thumb/v8-m.main+fp/softfp/libstdc++.a(class_type_info.o)
                0x100053b0                __cxxabiv1::__class_type_info::__do_dyncast(int, __cxxabiv1::__class_type_info::__sub_kind, __cxxabiv1::__class_type_info const*, void const*, __cxxabiv1::__class_type_info const*, void const*, __cxxabiv1::__class_type_info::__dyncast_result&) const
 .text._ZNK10__cxxabiv117__class_type_info11__do_upcastEPKS0_PKvRNS0_15__upcast_resultE
                0x100053f4       0x1c /usr/lib/gcc/arm-none-eabi/13.2.1/../../../arm-none-eabi/lib/thumb/v8-m.main+fp/softfp/libstdc++.a(class_type_info.o)
                0x100053f4                __cxxabiv1::__class_type_info::__do_upcast(__cxxabiv1::__class_type_info const*, void const*, __cxxabiv1::__class_type_info::__upcast_result&) const
 .text._ZNK10__cxxabiv117__class_type_info10__do_catchEPKSt9type_infoPPvj
                0x10005410       0x2c /usr/lib/gcc/arm-none-eabi/13.2.1/../../../arm-none-eabi/lib/thumb/v8-m.main+fp/softfp/libstdc++.a(class_type_info.o)
                0x10005410                __cxxabiv1::__class_type_info::__do_catch(std::type_info const*, void**, unsigned int) const
 .text._ZN10__cxxabiv1L24__is_gxx_exception_classEPc
                0x1000543c       0x3c /usr/lib/gcc/arm-none-eabi/13.2.1/../../../arm-none-eabi/lib/thumb/v8-m.main+fp/softfp/libstdc++.a(eh_call.o)
 .text.__cxa_call_terminate
                0x10005478       0x20 /usr/lib/gcc/arm-none-eabi/13.2.1/../../../arm-none-eabi/lib/thumb/v8-m.main+fp/softfp/libstdc++.a(eh_call.o)
                0x10005478                __cxa_call_terminate
 .text.unlikely.__cxa_call_unexpected
                0x10005498       0xd4 /usr/lib/gcc/arm-none-eabi/13.2.1/../../../arm-none-eabi/lib/thumb/v8-m.main+fp/softfp/libstdc++.a(eh_call.o)
                0x10005498                __cxa_call_unexpected
 .text          0x1000556c       0x2c /usr/lib/gcc/arm-none-eabi/13.2.1/../../../arm-none-eabi/lib/thumb/v8-m.main+fp/softfp/libg.a(libc_a-getenv.o)
                0x1000556c                _findenv
                0x1000557c                getenv
 .text          0x10005598       0xa4 /usr/lib/gcc/arm-none-eabi/13.2.1/../../../arm-none-eabi/lib/thumb/v8-m.main+fp/softfp/libg.a(libc_a-memset.o)
                0x10005598                memset
 .text          0x1000563c       0xd0 /usr/lib/gcc/arm-none-eabi/13.2.1/../../../arm-none-eabi/lib/thumb/v8-m.main+fp/softfp/libg.a(libc_a-strchr.o)
                0x1000563c                strchr
 .text          0x1000570c      0x1bc /usr/lib/gcc/arm-none-eabi/13.2.1/../../../arm-none-eabi/lib/thumb/v8-m.main+fp/softfp/libg.a(libc_a-strcmp.o)
                0x1000570c                strcmp
 .text          0x100058c8      0x15c /usr/lib/gcc/arm-none-eabi/13.2.1/../../../arm-none-eabi/lib/thumb/v8-m.main+fp/softfp/libg.a(libc_a-strtoul.o)
                0x100059f0                _strtoul_r
                0x100059f4                strtoul_l
                0x10005a0c                strtoul
 .text          0x10005a24        0xc /usr/lib/gcc/arm-none-eabi/13.2.1/../../../arm-none-eabi/lib/thumb/v8-m.main+fp/softfp/libg.a(libc_a-errno.o)
                0x10005a24                __errno
 .text          0x10005a30       0x10 /usr/lib/gcc/arm-none-eabi/13.2.1/../../../arm-none-eabi/lib/thumb/v8-m.main+fp/softfp/libg.a(libc_a-abort.o)
                0x10005a30                abort
 .text          0x10005a40      0x548 /usr/lib/gcc/arm-none-eabi/13.2.1/../../../arm-none-eabi/lib/thumb/v8-m.main+fp/softfp/libg.a(libc_a-mallocr.o)
                0x10005a40                _malloc_r
 .text          0x10005f88      0x2b0 /usr/lib/gcc/arm-none-eabi/13.2.1/../../../arm-none-eabi/lib/thumb/v8-m.main+fp/softfp/libg.a(libc_a-freer.o)
                0x10005f88                _malloc_trim_r
                0x10006040                _free_r
 .text          0x10006238       0x5c /usr/lib/gcc/arm-none-eabi/13.2.1/../../../arm-none-eabi/lib/thumb/v8-m.main+fp/softfp/libg.a(libc_a-memcmp.o)
                0x10006238                memcmp
 .text          0x10006294       0x20 /usr/lib/gcc/arm-none-eabi/13.2.1/../../../arm-none-eabi/lib/thumb/v8-m.main+fp/softfp/libg.a(libc_a-malloc.o)
                0x10006294                malloc
                0x100062a4                free
 .text          0x100062b4       0xec /usr/lib/gcc/arm-none-eabi/13.2.1/../../../arm-none-eabi/lib/thumb/v8-m.main+fp/softfp/libg.a(libc_a-memcpy.o)
                0x100062b4                memcpy
 .text          0x100063a0       0x1c /usr/lib/gcc/arm-none-eabi/13.2.1/../../../arm-none-eabi/lib/thumb/v8-m.main+fp/softfp/libg.a(libc_a-sysconf.o)
                0x100063a0                sysconf
 .text          0x100063bc       0x90 /usr/lib/gcc/arm-none-eabi/13.2.1/../../../arm-none-eabi/lib/thumb/v8-m.main+fp/softfp/libg.a(libc_a-getenv_r.o)
                0x100063bc                _findenv_r
                0x1000643c                _getenv_r
 .text          0x1000644c        0x8 /usr/lib/gcc/arm-none-eabi/13.2.1/../../../arm-none-eabi/lib/thumb/v8-m.main+fp/softfp/libg.a(libc_a-mlock.o)
                0x1000644c                __malloc_lock
                0x10006450                __malloc_unlock
 .text          0x10006454        0xc /usr/lib/gcc/arm-none-eabi/13.2.1/../../../arm-none-eabi/lib/thumb/v8-m.main+fp/softfp/libg.a(libc_a-atexit.o)
                0x10006454                atexit
 .text          0x10006460       0x5c /usr/lib/gcc/arm-none-eabi/13.2.1/../../../arm-none-eabi/lib/thumb/v8-m.main+fp/softfp/libg.a(libc_a-strlen-stub.o)
                0x10006460                strlen
 .text          0x100064bc       0x24 /usr/lib/gcc/arm-none-eabi/13.2.1/../../../arm-none-eabi/lib/thumb/v8-m.main+fp/softfp/libg.a(libc_a-sbrkr.o)
                0x100064bc                _sbrk_r
 .text          0x100064e0      0x280 /usr/lib/gcc/arm-none-eabi/13.2.1/../../../arm-none-eabi/lib/thumb/v8-m.main+fp/softfp/libg.a(libc_a-signal.o)
                0x100064e0                _init_signal_r
                0x10006510                _signal_r
                0x10006560                _raise_r
                0x100065b4                __sigtramp_r
                0x10006618                raise
                0x10006670                signal
                0x100066c0                _init_signal
                0x100066f8                __sigtramp
 .text          0x10006760       0x28 /usr/lib/gcc/arm-none-eabi/13.2.1/../../../arm-none-eabi/lib/thumb/v8-m.main+fp/softfp/libg.a(libc_a-fini.o)
                0x10006760                __libc_fini_array
 .text          0x10006788        0x8 /usr/lib/gcc/arm-none-eabi/13.2.1/../../../arm-none-eabi/lib/thumb/v8-m.main+fp/softfp/libg.a(libc_a-envlock.o)
                0x10006788                __env_lock
                0x1000678c                __env_unlock
 .text          0x10006790       0x30 /usr/lib/gcc/arm-none-eabi/13.2.1/../../../arm-none-eabi/lib/thumb/v8-m.main+fp/softfp/libg.a(libc_a-signalr.o)
                0x10006790                _kill_r
                0x100067bc                _getpid_r
 .text          0x100067c0       0x80 /usr/lib/gcc/arm-none-eabi/13.2.1/../../../arm-none-eabi/lib/thumb/v8-m.main+fp/softfp/libg.a(libc_a-strncmp.o)
                0x100067c0                strncmp
 .text          0x10006840       0x64 /usr/lib/gcc/arm-none-eabi/13.2.1/../../../arm-none-eabi/lib/thumb/v8-m.main+fp/softfp/libg.a(libc_a-__atexit.o)
                0x10006840                __register_exitproc
 .text.startup  0x100068a4       0x14 /usr/lib/gcc/arm-none-eabi/13.2.1/../../../arm-none-eabi/lib/thumb/v8-m.main+fp/softfp/libg.a(libc_a-__call_atexit.o)
 *(.fini)
 .fini          0x100068b8        0x4 /usr/lib/gcc/arm-none-eabi/13.2.1/thumb/v8-m.main+fp/softfp/crti.o
                0x100068b8                _fini
 *fill*         0x100068bc        0x4 
 .fini.__stub   0x100068c0       0x88 linker stubs
 *crtbegin.o(.ctors)
 *crtbegin?.o(.ctors)
 *(EXCLUDE_FILE(*crtend.o *crtend?.o) .ctors)
 *(SORT_BY_NAME(.ctors.*))
 *(.ctors)
 *crtbegin.o(.dtors)
 *crtbegin?.o(.dtors)
 *(EXCLUDE_FILE(*crtend.o *crtend?.o) .dtors)
 *(SORT_BY_NAME(.dtors.*))
 *(.dtors)
                0x10006948                        . = ALIGN (0x4)
                0x10006948                        PROVIDE (__preinit_array_start = .)
 *(SORT_BY_NAME(.preinit_array.*))
 .preinit_array.00050
                0x10006948        0x4 CMakeFiles/LGMSerialLED.dir/_deps/pico_sdk-src/src/rp2_common/pico_runtime_init/runtime_init.c.o
                0x10006948                __pre_init_runtime_init_bootrom_reset
 .preinit_array.00100
                0x1000694c        0x4 CMakeFiles/LGMSerialLED.dir/_deps/pico_sdk-src/src/rp2_common/pico_runtime_init/runtime_init.c.o
                0x1000694c                __pre_init_runtime_init_early_resets
 .preinit_array.00101
                0x10006950        0x4 CMakeFiles/LGMSerialLED.dir/_deps/pico_sdk-src/src/rp2_common/pico_runtime_init/runtime_init.c.o
                0x10006950                __pre_init_runtime_init_usb_power_down
 .preinit_array.00500
                0x10006954        0x4 CMakeFiles/LGMSerialLED.dir/_deps/pico_sdk-src/src/rp2_common/pico_runtime_init/runtime_init.c.o
                0x10006954                __pre_init_runtime_init_clocks
 .preinit_array.00600
                0x10006958        0x4 CMakeFiles/LGMSerialLED.dir/_deps/pico_sdk-src/src/rp2_common/pico_runtime_init/runtime_init.c.o
                0x10006958                __pre_init_runtime_init_post_clock_resets
 .preinit_array.01000
                0x1000695c        0x4 CMakeFiles/LGMSerialLED.dir/_deps/pico_sdk-src/src/rp2_common/hardware_boot_lock/boot_lock.c.o
                0x1000695c                __pre_init_runtime_init_boot_locks_reset
 .preinit_array.01000
                0x10006960        0x4 CMakeFiles/LGMSerialLED.dir/_deps/pico_sdk-src/src/rp2_common/pico_runtime_init/runtime_init.c.o
                0x10006960                __pre_init_runtime_init_spin_locks_reset
 .preinit_array.01010
                0x10006964        0x4 CMakeFiles/LGMSerialLED.dir/_deps/pico_sdk-src/src/rp2_common/pico_bootrom/bootrom_lock.c.o
                0x10006964                __pre_init_runtime_init_bootrom_locking_enable
 .preinit_array.01100
                0x10006968        0x4 CMakeFiles/LGMSerialLED.dir/_deps/pico_sdk-src/src/common/pico_sync/mutex.c.o
                0x10006968                __pre_init_runtime_init_mutex
 .preinit_array.10080
                0x1000696c        0x4 CMakeFiles/LGMSerialLED.dir/_deps/pico_sdk-src/src/rp2_common/pico_runtime_init/runtime_init.c.o
                0x1000696c                __pre_init_runtime_init_install_ram_vector_table
 .preinit_array.11000
                0x10006970        0x4 CMakeFiles/LGMSerialLED.dir/_deps/pico_sdk-src/src/common/pico_time/time.c.o
                0x10006970                __pre_init_runtime_init_default_alarm_pool
 .preinit_array.YYYYY
                0x10006974        0x4 CMakeFiles/LGMSerialLED.dir/_deps/pico_sdk-src/src/rp2_common/pico_runtime/runtime.c.o
                0x10006974                __pre_init_first_per_core_initializer
 .preinit_array.ZZZZZ.00051
                0x10006978        0x4 CMakeFiles/LGMSerialLED.dir/_deps/pico_sdk-src/src/rp2_common/pico_runtime_init/runtime_init.c.o
                0x10006978                __pre_init_runtime_init_per_core_bootrom_reset
 .preinit_array.ZZZZZ.00200
                0x1000697c        0x4 CMakeFiles/LGMSerialLED.dir/_deps/pico_sdk-src/src/rp2_common/pico_runtime_init/runtime_init.c.o
                0x1000697c                __pre_init_runtime_init_per_core_enable_coprocessors
 .preinit_array.ZZZZZ.01000
                0x10006980        0x4 CMakeFiles/LGMSerialLED.dir/_deps/pico_sdk-src/src/rp2_common/hardware_sync_spin_lock/sync_spin_lock.c.o
                0x10006980                __pre_init_spinlock_set_extexclall
 .preinit_array.ZZZZZ.01200
                0x10006984        0x4 CMakeFiles/LGMSerialLED.dir/_deps/pico_sdk-src/src/rp2_common/hardware_irq/irq.c.o
                0x10006984                __pre_init_runtime_init_per_core_irq_priorities
 *(.preinit_array)
                0x10006988                        PROVIDE (__preinit_array_end = .)
                0x10006988                        . = ALIGN (0x4)
                0x10006988                        PROVIDE (__init_array_start = .)
 *(SORT_BY_NAME(.init_array.*))
 .init_array.00000
                0x10006988        0x4 /usr/lib/gcc/arm-none-eabi/13.2.1/../../../arm-none-eabi/lib/thumb/v8-m.main+fp/softfp/libg.a(libc_a-__call_atexit.o)
 *(.init_array)
 .init_array    0x1000698c        0x4 /usr/lib/gcc/arm-none-eabi/13.2.1/thumb/v8-m.main+fp/softfp/crtbegin.o
 .init_array    0x10006990        0x4 CMakeFiles/LGMSerialLED.dir/LGMSerialLED.cpp.o
 .init_array    0x10006994        0x4 /usr/lib/gcc/arm-none-eabi/13.2.1/../../../arm-none-eabi/lib/thumb/v8-m.main+fp/softfp/libstdc++.a(eh_alloc.o)
                0x10006998                        PROVIDE (__init_array_end = .)
                0x10006998                        . = ALIGN (0x4)
                0x10006998                        PROVIDE (__fini_array_start = .)
 *(SORT_BY_NAME(.fini_array.*))
 *(.fini_array)
                0x10006998                        PROVIDE (__fini_array_end = .)
 *(.eh_frame*)
 .eh_frame      0x10006998        0x0 /usr/lib/gcc/arm-none-eabi/13.2.1/thumb/v8-m.main+fp/softfp/crtbegin.o
                0x10006998                        . = ALIGN (0x4)

.glue_7         0x10006998        0x0
 .glue_7        0x10006998        0x0 linker stubs

.glue_7t        0x10006998        0x0
 .glue_7t       0x10006998        0x0 linker stubs

.vfp11_veneer   0x10006998        0x0
 .vfp11_veneer  0x10006998        0x0 linker stubs

.v4_bx          0x10006998        0x0
 .v4_bx         0x10006998        0x0 linker stubs

.iplt           0x10006998        0x0
 .iplt          0x10006998        0x0 /usr/lib/gcc/arm-none-eabi/13.2.1/thumb/v8-m.main+fp/softfp/crtbegin.o

.boot2          0x10006998        0x0
                0x10006998                        __boot2_start__ = .
 *(.boot2)
                0x10006998                        __boot2_end__ = .
                0x00000001                        ASSERT (((__boot2_end__ - __boot2_start__) <= 0x100), ERROR: Pico second stage bootloader must be no more than 256 bytes in size)

.rodata         0x10006998     0xa4c0
 *(EXCLUDE_FILE(*libm.a: *libc.a:*lib_a-mem*.o *libgcc.a:) .rodata*)
 .rodata.set_sys_clock_khz.constprop.0.isra.0.str1.4
                0x10006998      0x183 CMakeFiles/LGMSerialLED.dir/LGMSerialLED.cpp.o
                                 0x32 (size before relaxing)
 .rodata.main.str1.4
                0x10006b1b       0x14 CMakeFiles/LGMSerialLED.dir/LGMSerialLED.cpp.o
 *fill*         0x10006b1b        0x1 
 .rodata.iWaitLGMRun
                0x10006b1c        0x2 CMakeFiles/LGMSerialLED.dir/PatSignal.cpp.o
                0x10006b1c                iWaitLGMRun
 .rodata.iWaitLGMWalk
                0x10006b1e        0x2 CMakeFiles/LGMSerialLED.dir/PatSignal.cpp.o
                0x10006b1e                iWaitLGMWalk
 .rodata.LGMRed
                0x10006b20      0x400 CMakeFiles/LGMSerialLED.dir/PatSignal.cpp.o
                0x10006b20                LGMRed
 .rodata.LGMPatCount
                0x10006f20        0x4 CMakeFiles/LGMSerialLED.dir/PatSignal.cpp.o
                0x10006f20                LGMPatCount
 .rodata.LGMPat
                0x10006f24     0x1c00 CMakeFiles/LGMSerialLED.dir/PatSignal.cpp.o
                0x10006f24                LGMPat
 .rodata.iWaitMarioRun
                0x10008b24        0x2 CMakeFiles/LGMSerialLED.dir/PatMario.cpp.o
                0x10008b24                iWaitMarioRun
 .rodata.iWaitMarioWalk
                0x10008b26        0x2 CMakeFiles/LGMSerialLED.dir/PatMario.cpp.o
                0x10008b26                iWaitMarioWalk
 .rodata.MROPatCount
                0x10008b28        0x4 CMakeFiles/LGMSerialLED.dir/PatMario.cpp.o
                0x10008b28                MROPatCount
 .rodata.MRORun
                0x10008b2c      0xc00 CMakeFiles/LGMSerialLED.dir/PatMario.cpp.o
                0x10008b2c                MRORun
 .rodata.MROStay
                0x1000972c      0x400 CMakeFiles/LGMSerialLED.dir/PatMario.cpp.o
                0x1000972c                MROStay
 .rodata.iWaitZeldaRun
                0x10009b2c        0x2 CMakeFiles/LGMSerialLED.dir/PatZelda.cpp.o
                0x10009b2c                iWaitZeldaRun
 .rodata.iWaitZeldaWalk
                0x10009b2e        0x2 CMakeFiles/LGMSerialLED.dir/PatZelda.cpp.o
                0x10009b2e                iWaitZeldaWalk
 .rodata.ZELDARightCount
                0x10009b30        0x4 CMakeFiles/LGMSerialLED.dir/PatZelda.cpp.o
                0x10009b30                ZELDARightCount
 .rodata.ZELDABack
                0x10009b34      0x800 CMakeFiles/LGMSerialLED.dir/PatZelda.cpp.o
                0x10009b34                ZELDABack
 .rodata.ZELDAFront
                0x1000a334      0x800 CMakeFiles/LGMSerialLED.dir/PatZelda.cpp.o
                0x1000a334                ZELDAFront
 .rodata.ZELDARight
                0x1000ab34      0x800 CMakeFiles/LGMSerialLED.dir/PatZelda.cpp.o
                0x1000ab34                ZELDARight
 .rodata.ZELDALeft
                0x1000b334      0x800 CMakeFiles/LGMSerialLED.dir/PatZelda.cpp.o
                0x1000b334                ZELDALeft
 .rodata.ZELDAStay
                0x1000bb34      0x400 CMakeFiles/LGMSerialLED.dir/PatZelda.cpp.o
                0x1000bb34                ZELDAStay
 .rodata.iWaitKirbyRun
                0x1000bf34        0x2 CMakeFiles/LGMSerialLED.dir/PatKirby.cpp.o
                0x1000bf34                iWaitKirbyRun
 .rodata.iWaitKirbyWalk
                0x1000bf36        0x2 CMakeFiles/LGMSerialLED.dir/PatKirby.cpp.o
                0x1000bf36                iWaitKirbyWalk
 .rodata.KirbyWalkCount
                0x1000bf38        0x4 CMakeFiles/LGMSerialLED.dir/PatKirby.cpp.o
                0x1000bf38                KirbyWalkCount
 .rodata.KirbyRoll
                0x1000bf3c     0x1400 CMakeFiles/LGMSerialLED.dir/PatKirby.cpp.o
                0x1000bf3c                KirbyRoll
 .rodata.KirbyWalk
                0x1000d33c     0x1000 CMakeFiles/LGMSerialLED.dir/PatKirby.cpp.o
                0x1000d33c                KirbyWalk
 .rodata.KirbyStay
                0x1000e33c      0x400 CMakeFiles/LGMSerialLED.dir/PatKirby.cpp.o
                0x1000e33c                KirbyStay
 .rodata.iWaitDQ3Run
                0x1000e73c        0x2 CMakeFiles/LGMSerialLED.dir/PatDQ3.cpp.o
                0x1000e73c                iWaitDQ3Run
 .rodata.iWaitDQ3Walk
                0x1000e73e        0x2 CMakeFiles/LGMSerialLED.dir/PatDQ3.cpp.o
                0x1000e73e                iWaitDQ3Walk
 .rodata.DQ3RightCount
                0x1000e740        0x4 CMakeFiles/LGMSerialLED.dir/PatDQ3.cpp.o
                0x1000e740                DQ3RightCount
 .rodata.DQ3Back
                0x1000e744      0x800 CMakeFiles/LGMSerialLED.dir/PatDQ3.cpp.o
                0x1000e744                DQ3Back
 .rodata.DQ3Front
                0x1000ef44      0x800 CMakeFiles/LGMSerialLED.dir/PatDQ3.cpp.o
                0x1000ef44                DQ3Front
 .rodata.DQ3Right
                0x1000f744      0x800 CMakeFiles/LGMSerialLED.dir/PatDQ3.cpp.o
                0x1000f744                DQ3Right
 .rodata.DQ3Left
                0x1000ff44      0x800 CMakeFiles/LGMSerialLED.dir/PatDQ3.cpp.o
                0x1000ff44                DQ3Left
 .rodata.DQ3Stay
                0x10010744      0x400 CMakeFiles/LGMSerialLED.dir/PatDQ3.cpp.o
                0x10010744                DQ3Stay
 .rodata._ZL14ws2812_program
                0x10010b44        0x8 CMakeFiles/LGMSerialLED.dir/WS2812/source/WS2812.cpp.o
 .rodata._ZL27ws2812_program_instructions
                0x10010b4c        0xe CMakeFiles/LGMSerialLED.dir/WS2812/source/WS2812.cpp.o
 .rodata.panic.str1.4
                0x10010b5a       0x12 CMakeFiles/LGMSerialLED.dir/_deps/pico_sdk-src/src/rp2_common/pico_platform_panic/panic.c.o
 .rodata.timer_hardware_alarm_claim.str1.4
                0x10010b5a       0x22 CMakeFiles/LGMSerialLED.dir/_deps/pico_sdk-src/src/rp2_common/hardware_timer/timer.c.o
 .rodata.hard_assertion_failure.str1.4
                0x10010b5a        0xc CMakeFiles/LGMSerialLED.dir/_deps/pico_sdk-src/src/rp2_common/pico_runtime/runtime.c.o
 .rodata.__wrap_malloc.str1.4
                0x10010b5a        0xe CMakeFiles/LGMSerialLED.dir/_deps/pico_sdk-src/src/rp2_common/pico_malloc/malloc.c.o
 .rodata.str1.4
                0x10010b5a       0x48 CMakeFiles/LGMSerialLED.dir/_deps/pico_sdk-src/src/rp2_common/pico_standard_binary_info/standard_binary_info.c.o
 *fill*         0x10010b5a        0x2 
 .rodata.__bi_84
                0x10010b5c        0xc CMakeFiles/LGMSerialLED.dir/_deps/pico_sdk-src/src/rp2_common/pico_standard_binary_info/standard_binary_info.c.o
 .rodata.__bi_78
                0x10010b68        0xc CMakeFiles/LGMSerialLED.dir/_deps/pico_sdk-src/src/rp2_common/pico_standard_binary_info/standard_binary_info.c.o
 .rodata.__bi_60
                0x10010b74        0xc CMakeFiles/LGMSerialLED.dir/_deps/pico_sdk-src/src/rp2_common/pico_standard_binary_info/standard_binary_info.c.o
 .rodata.__bi_54
                0x10010b80        0xc CMakeFiles/LGMSerialLED.dir/_deps/pico_sdk-src/src/rp2_common/pico_standard_binary_info/standard_binary_info.c.o
 .rodata.__bi_48
                0x10010b8c        0xc CMakeFiles/LGMSerialLED.dir/_deps/pico_sdk-src/src/rp2_common/pico_standard_binary_info/standard_binary_info.c.o
 .rodata.__bi_42
                0x10010b98        0xc CMakeFiles/LGMSerialLED.dir/_deps/pico_sdk-src/src/rp2_common/pico_standard_binary_info/standard_binary_info.c.o
 .rodata.__bi_34
                0x10010ba4        0xc CMakeFiles/LGMSerialLED.dir/_deps/pico_sdk-src/src/rp2_common/pico_standard_binary_info/standard_binary_info.c.o
 .rodata.__bi_26
                0x10010bb0        0xc CMakeFiles/LGMSerialLED.dir/_deps/pico_sdk-src/src/rp2_common/pico_standard_binary_info/standard_binary_info.c.o
 .rodata.crlf_str.0
                0x10010bbc        0x2 CMakeFiles/LGMSerialLED.dir/_deps/pico_sdk-src/src/rp2_common/pico_stdio/stdio.c.o
 .rodata.str1.4
                0x10010bbe       0x2c CMakeFiles/LGMSerialLED.dir/_deps/pico_sdk-src/src/rp2_common/pico_stdio_uart/stdio_uart.c.o
 *fill*         0x10010bbe        0x2 
 .rodata.__bi_45.4
                0x10010bc0        0xc CMakeFiles/LGMSerialLED.dir/_deps/pico_sdk-src/src/rp2_common/pico_stdio_uart/stdio_uart.c.o
 .rodata.__bi_49.5
                0x10010bcc        0x8 CMakeFiles/LGMSerialLED.dir/_deps/pico_sdk-src/src/rp2_common/pico_stdio_uart/stdio_uart.c.o
 .rodata.__bi_50.6
                0x10010bd4        0x8 CMakeFiles/LGMSerialLED.dir/_deps/pico_sdk-src/src/rp2_common/pico_stdio_uart/stdio_uart.c.o
 .rodata.pio_claim_unused_sm.str1.4
                0x10010bdc       0x24 CMakeFiles/LGMSerialLED.dir/_deps/pico_sdk-src/src/rp2_common/hardware_pio/pio.c.o
 .rodata._ZSt7nothrow
                0x10010bdc        0x1 /usr/lib/gcc/arm-none-eabi/13.2.1/../../../arm-none-eabi/lib/thumb/v8-m.main+fp/softfp/libstdc++.a(new_handler.o)
                0x10010bdc                std::nothrow
 .rodata._GLOBAL__sub_I__ZN9__gnu_cxx9__freeresEv.str1.4
                0x10010bdd       0x3c /usr/lib/gcc/arm-none-eabi/13.2.1/../../../arm-none-eabi/lib/thumb/v8-m.main+fp/softfp/libstdc++.a(eh_alloc.o)
 .rodata._ZNKSt13bad_exception4whatEv.str1.4
                0x10010bdd       0x13 /usr/lib/gcc/arm-none-eabi/13.2.1/../../../arm-none-eabi/lib/thumb/v8-m.main+fp/softfp/libstdc++.a(eh_exception.o)
 *fill*         0x10010bdd        0x3 
 .rodata._ZTSSt9exception
                0x10010be0        0xd /usr/lib/gcc/arm-none-eabi/13.2.1/../../../arm-none-eabi/lib/thumb/v8-m.main+fp/softfp/libstdc++.a(eh_exception.o)
                0x10010be0                typeinfo name for std::exception
 *fill*         0x10010bed        0x3 
 .rodata._ZTISt9exception
                0x10010bf0        0x8 /usr/lib/gcc/arm-none-eabi/13.2.1/../../../arm-none-eabi/lib/thumb/v8-m.main+fp/softfp/libstdc++.a(eh_exception.o)
                0x10010bf0                typeinfo for std::exception
 .rodata._ZTSSt13bad_exception
                0x10010bf8       0x12 /usr/lib/gcc/arm-none-eabi/13.2.1/../../../arm-none-eabi/lib/thumb/v8-m.main+fp/softfp/libstdc++.a(eh_exception.o)
                0x10010bf8                typeinfo name for std::bad_exception
 *fill*         0x10010c0a        0x2 
 .rodata._ZTISt13bad_exception
                0x10010c0c        0xc /usr/lib/gcc/arm-none-eabi/13.2.1/../../../arm-none-eabi/lib/thumb/v8-m.main+fp/softfp/libstdc++.a(eh_exception.o)
                0x10010c0c                typeinfo for std::bad_exception
 .rodata._ZTSN10__cxxabiv115__forced_unwindE
                0x10010c18       0x20 /usr/lib/gcc/arm-none-eabi/13.2.1/../../../arm-none-eabi/lib/thumb/v8-m.main+fp/softfp/libstdc++.a(eh_exception.o)
                0x10010c18                typeinfo name for __cxxabiv1::__forced_unwind
 .rodata._ZTIN10__cxxabiv115__forced_unwindE
                0x10010c38        0x8 /usr/lib/gcc/arm-none-eabi/13.2.1/../../../arm-none-eabi/lib/thumb/v8-m.main+fp/softfp/libstdc++.a(eh_exception.o)
                0x10010c38                typeinfo for __cxxabiv1::__forced_unwind
 .rodata._ZTSN10__cxxabiv119__foreign_exceptionE
                0x10010c40       0x24 /usr/lib/gcc/arm-none-eabi/13.2.1/../../../arm-none-eabi/lib/thumb/v8-m.main+fp/softfp/libstdc++.a(eh_exception.o)
                0x10010c40                typeinfo name for __cxxabiv1::__foreign_exception
 .rodata._ZTIN10__cxxabiv119__foreign_exceptionE
                0x10010c64        0x8 /usr/lib/gcc/arm-none-eabi/13.2.1/../../../arm-none-eabi/lib/thumb/v8-m.main+fp/softfp/libstdc++.a(eh_exception.o)
                0x10010c64                typeinfo for __cxxabiv1::__foreign_exception
 .rodata._ZTVSt13bad_exception
                0x10010c6c       0x14 /usr/lib/gcc/arm-none-eabi/13.2.1/../../../arm-none-eabi/lib/thumb/v8-m.main+fp/softfp/libstdc++.a(eh_exception.o)
                0x10010c6c                vtable for std::bad_exception
 .rodata._ZTSN10__cxxabiv120__si_class_type_infoE
                0x10010c80       0x25 /usr/lib/gcc/arm-none-eabi/13.2.1/../../../arm-none-eabi/lib/thumb/v8-m.main+fp/softfp/libstdc++.a(si_class_type_info.o)
                0x10010c80                typeinfo name for __cxxabiv1::__si_class_type_info
 *fill*         0x10010ca5        0x3 
 .rodata._ZTIN10__cxxabiv120__si_class_type_infoE
                0x10010ca8        0xc /usr/lib/gcc/arm-none-eabi/13.2.1/../../../arm-none-eabi/lib/thumb/v8-m.main+fp/softfp/libstdc++.a(si_class_type_info.o)
                0x10010ca8                typeinfo for __cxxabiv1::__si_class_type_info
 .rodata._ZTVN10__cxxabiv120__si_class_type_infoE
                0x10010cb4       0x2c /usr/lib/gcc/arm-none-eabi/13.2.1/../../../arm-none-eabi/lib/thumb/v8-m.main+fp/softfp/libstdc++.a(si_class_type_info.o)
                0x10010cb4                vtable for __cxxabiv1::__si_class_type_info
 .rodata._ZTSSt9type_info
                0x10010ce0        0xd /usr/lib/gcc/arm-none-eabi/13.2.1/../../../arm-none-eabi/lib/thumb/v8-m.main+fp/softfp/libstdc++.a(tinfo.o)
                0x10010ce0                typeinfo name for std::type_info
 *fill*         0x10010ced        0x3 
 .rodata._ZTISt9type_info
                0x10010cf0        0x8 /usr/lib/gcc/arm-none-eabi/13.2.1/../../../arm-none-eabi/lib/thumb/v8-m.main+fp/softfp/libstdc++.a(tinfo.o)
                0x10010cf0                typeinfo for std::type_info
 .rodata._ZTSN10__cxxabiv117__class_type_infoE
                0x10010cf8       0x22 /usr/lib/gcc/arm-none-eabi/13.2.1/../../../arm-none-eabi/lib/thumb/v8-m.main+fp/softfp/libstdc++.a(class_type_info.o)
                0x10010cf8                typeinfo name for __cxxabiv1::__class_type_info
 *fill*         0x10010d1a        0x2 
 .rodata._ZTIN10__cxxabiv117__class_type_infoE
                0x10010d1c        0xc /usr/lib/gcc/arm-none-eabi/13.2.1/../../../arm-none-eabi/lib/thumb/v8-m.main+fp/softfp/libstdc++.a(class_type_info.o)
                0x10010d1c                typeinfo for __cxxabiv1::__class_type_info
 .rodata._ZTVN10__cxxabiv117__class_type_infoE
                0x10010d28       0x2c /usr/lib/gcc/arm-none-eabi/13.2.1/../../../arm-none-eabi/lib/thumb/v8-m.main+fp/softfp/libstdc++.a(class_type_info.o)
                0x10010d28                vtable for __cxxabiv1::__class_type_info
 .rodata        0x10010d54      0x101 /usr/lib/gcc/arm-none-eabi/13.2.1/../../../arm-none-eabi/lib/thumb/v8-m.main+fp/softfp/libg.a(libc_a-ctype_.o)
                0x10010d54                _ctype_
 *(.srodata*)
                0x10010e58                        . = ALIGN (0x4)
 *fill*         0x10010e55        0x3 
 *(SORT_BY_ALIGNMENT(SORT_BY_NAME(.flashdata*)))
                0x10010e58                        . = ALIGN (0x4)

.ARM.extab      0x10010e58       0xc8
 *(.ARM.extab* .gnu.linkonce.armextab.*)
 .ARM.extab.text._ZnajRKSt9nothrow_t
                0x10010e58       0x1c /usr/lib/gcc/arm-none-eabi/13.2.1/../../../arm-none-eabi/lib/thumb/v8-m.main+fp/softfp/libstdc++.a(new_opvnt.o)
 .ARM.extab.text.__cxa_begin_catch
                0x10010e74        0xc /usr/lib/gcc/arm-none-eabi/13.2.1/../../../arm-none-eabi/lib/thumb/v8-m.main+fp/softfp/libstdc++.a(eh_catch.o)
 .ARM.extab.text._ZL21base_of_encoded_valuehP15_Unwind_Context
                0x10010e80        0xc /usr/lib/gcc/arm-none-eabi/13.2.1/../../../arm-none-eabi/lib/thumb/v8-m.main+fp/softfp/libstdc++.a(eh_personality.o)
 .ARM.extab.text.__gxx_personality_v0
                0x10010e8c       0x24 /usr/lib/gcc/arm-none-eabi/13.2.1/../../../arm-none-eabi/lib/thumb/v8-m.main+fp/softfp/libstdc++.a(eh_personality.o)
 .ARM.extab.text._ZN10__cxxabiv111__terminateEPFvvE
                0x10010eb0       0x1c /usr/lib/gcc/arm-none-eabi/13.2.1/../../../arm-none-eabi/lib/thumb/v8-m.main+fp/softfp/libstdc++.a(eh_terminate.o)
 .ARM.extab.text._ZN10__cxxabiv112__unexpectedEPFvvE
                0x10010ecc        0xc /usr/lib/gcc/arm-none-eabi/13.2.1/../../../arm-none-eabi/lib/thumb/v8-m.main+fp/softfp/libstdc++.a(eh_terminate.o)
 .ARM.extab.text._ZSt10unexpectedv
                0x10010ed8        0xc /usr/lib/gcc/arm-none-eabi/13.2.1/../../../arm-none-eabi/lib/thumb/v8-m.main+fp/softfp/libstdc++.a(eh_terminate.o)
 .ARM.extab.text.unlikely.__cxa_call_unexpected
                0x10010ee4       0x24 /usr/lib/gcc/arm-none-eabi/13.2.1/../../../arm-none-eabi/lib/thumb/v8-m.main+fp/softfp/libstdc++.a(eh_call.o)
 .ARM.extab     0x10010f08       0x18 /usr/lib/gcc/arm-none-eabi/13.2.1/thumb/v8-m.main+fp/softfp/libgcc.a(pr-support.o)
                0x10010f20                        __exidx_start = .

.ARM.exidx      0x10010f20      0x180
 *(.ARM.exidx* .gnu.linkonce.armexidx.*)
 .ARM.exidx.text._ZnajRKSt9nothrow_t
                0x10010f20        0x8 /usr/lib/gcc/arm-none-eabi/13.2.1/../../../arm-none-eabi/lib/thumb/v8-m.main+fp/softfp/libstdc++.a(new_opvnt.o)
 .ARM.exidx.text._ZN12_GLOBAL__N_14pool4freeEPv.constprop.0
                0x10010f28        0x8 /usr/lib/gcc/arm-none-eabi/13.2.1/../../../arm-none-eabi/lib/thumb/v8-m.main+fp/softfp/libstdc++.a(eh_alloc.o)
 .ARM.exidx.text._ZN12_GLOBAL__N_14pool8allocateEj.constprop.0
                0x10010f30        0x0 /usr/lib/gcc/arm-none-eabi/13.2.1/../../../arm-none-eabi/lib/thumb/v8-m.main+fp/softfp/libstdc++.a(eh_alloc.o)
                                  0x8 (size before relaxing)
 .ARM.exidx.text.__cxa_allocate_exception
                0x10010f30        0x0 /usr/lib/gcc/arm-none-eabi/13.2.1/../../../arm-none-eabi/lib/thumb/v8-m.main+fp/softfp/libstdc++.a(eh_alloc.o)
                                  0x8 (size before relaxing)
 .ARM.exidx.text.__cxa_free_exception
                0x10010f30        0x0 /usr/lib/gcc/arm-none-eabi/13.2.1/../../../arm-none-eabi/lib/thumb/v8-m.main+fp/softfp/libstdc++.a(eh_alloc.o)
                                  0x8 (size before relaxing)
 .ARM.exidx.text.startup._GLOBAL__sub_I__ZN9__gnu_cxx9__freeresEv
                0x10010f30        0x0 /usr/lib/gcc/arm-none-eabi/13.2.1/../../../arm-none-eabi/lib/thumb/v8-m.main+fp/softfp/libstdc++.a(eh_alloc.o)
                                  0x8 (size before relaxing)
 .ARM.exidx.text.__cxa_type_match
                0x10010f30        0x8 /usr/lib/gcc/arm-none-eabi/13.2.1/../../../arm-none-eabi/lib/thumb/v8-m.main+fp/softfp/libstdc++.a(eh_arm.o)
 .ARM.exidx.text.__cxa_begin_cleanup
                0x10010f38        0x8 /usr/lib/gcc/arm-none-eabi/13.2.1/../../../arm-none-eabi/lib/thumb/v8-m.main+fp/softfp/libstdc++.a(eh_arm.o)
 .ARM.exidx.text.__gnu_end_cleanup
                0x10010f40        0x0 /usr/lib/gcc/arm-none-eabi/13.2.1/../../../arm-none-eabi/lib/thumb/v8-m.main+fp/softfp/libstdc++.a(eh_arm.o)
                                  0x8 (size before relaxing)
 .ARM.exidx.text.__cxa_begin_catch
                0x10010f40        0x8 /usr/lib/gcc/arm-none-eabi/13.2.1/../../../arm-none-eabi/lib/thumb/v8-m.main+fp/softfp/libstdc++.a(eh_catch.o)
 .ARM.exidx.text.__cxa_end_catch
                0x10010f48        0x8 /usr/lib/gcc/arm-none-eabi/13.2.1/../../../arm-none-eabi/lib/thumb/v8-m.main+fp/softfp/libstdc++.a(eh_catch.o)
 .ARM.exidx.text._ZNSt13bad_exceptionD2Ev
                0x10010f50        0x0 /usr/lib/gcc/arm-none-eabi/13.2.1/../../../arm-none-eabi/lib/thumb/v8-m.main+fp/softfp/libstdc++.a(eh_exception.o)
                                  0x8 (size before relaxing)
 .ARM.exidx.text._ZNKSt13bad_exception4whatEv
                0x10010f50        0x0 /usr/lib/gcc/arm-none-eabi/13.2.1/../../../arm-none-eabi/lib/thumb/v8-m.main+fp/softfp/libstdc++.a(eh_exception.o)
                                  0x8 (size before relaxing)
 .ARM.exidx.text._ZNSt13bad_exceptionD0Ev
                0x10010f50        0x0 /usr/lib/gcc/arm-none-eabi/13.2.1/../../../arm-none-eabi/lib/thumb/v8-m.main+fp/softfp/libstdc++.a(eh_exception.o)
                                  0x8 (size before relaxing)
 .ARM.exidx.text.__cxa_get_globals_fast
                0x10010f50        0x0 /usr/lib/gcc/arm-none-eabi/13.2.1/../../../arm-none-eabi/lib/thumb/v8-m.main+fp/softfp/libstdc++.a(eh_globals.o)
                                  0x8 (size before relaxing)
 .ARM.exidx.text.__cxa_get_globals
                0x10010f50        0x0 /usr/lib/gcc/arm-none-eabi/13.2.1/../../../arm-none-eabi/lib/thumb/v8-m.main+fp/softfp/libstdc++.a(eh_globals.o)
                                  0x8 (size before relaxing)
 .ARM.exidx.text._ZL28read_encoded_value_with_basehjPKhPj
                0x10010f50        0x8 /usr/lib/gcc/arm-none-eabi/13.2.1/../../../arm-none-eabi/lib/thumb/v8-m.main+fp/softfp/libstdc++.a(eh_personality.o)
 .ARM.exidx.text._ZL21base_of_encoded_valuehP15_Unwind_Context
                0x10010f58        0x8 /usr/lib/gcc/arm-none-eabi/13.2.1/../../../arm-none-eabi/lib/thumb/v8-m.main+fp/softfp/libstdc++.a(eh_personality.o)
 .ARM.exidx.text._ZL17parse_lsda_headerP15_Unwind_ContextPKhP16lsda_header_info
                0x10010f60        0x8 /usr/lib/gcc/arm-none-eabi/13.2.1/../../../arm-none-eabi/lib/thumb/v8-m.main+fp/softfp/libstdc++.a(eh_personality.o)
 .ARM.exidx.text.__gxx_personality_v0
                0x10010f68        0x8 /usr/lib/gcc/arm-none-eabi/13.2.1/../../../arm-none-eabi/lib/thumb/v8-m.main+fp/softfp/libstdc++.a(eh_personality.o)
 .ARM.exidx.text._ZN10__cxxabiv111__terminateEPFvvE
                0x10010f70        0x8 /usr/lib/gcc/arm-none-eabi/13.2.1/../../../arm-none-eabi/lib/thumb/v8-m.main+fp/softfp/libstdc++.a(eh_terminate.o)
 .ARM.exidx.text._ZSt9terminatev
                0x10010f78        0x8 /usr/lib/gcc/arm-none-eabi/13.2.1/../../../arm-none-eabi/lib/thumb/v8-m.main+fp/softfp/libstdc++.a(eh_terminate.o)
 .ARM.exidx.text._ZN10__cxxabiv112__unexpectedEPFvvE
                0x10010f80        0x8 /usr/lib/gcc/arm-none-eabi/13.2.1/../../../arm-none-eabi/lib/thumb/v8-m.main+fp/softfp/libstdc++.a(eh_terminate.o)
 .ARM.exidx.text._ZSt10unexpectedv
                0x10010f88        0x8 /usr/lib/gcc/arm-none-eabi/13.2.1/../../../arm-none-eabi/lib/thumb/v8-m.main+fp/softfp/libstdc++.a(eh_terminate.o)
 .ARM.exidx.text._ZSt13get_terminatev
                0x10010f90        0x8 /usr/lib/gcc/arm-none-eabi/13.2.1/../../../arm-none-eabi/lib/thumb/v8-m.main+fp/softfp/libstdc++.a(eh_terminate.o)
 .ARM.exidx.text._ZSt14get_unexpectedv
                0x10010f98        0x0 /usr/lib/gcc/arm-none-eabi/13.2.1/../../../arm-none-eabi/lib/thumb/v8-m.main+fp/softfp/libstdc++.a(eh_terminate.o)
                                  0x8 (size before relaxing)
 .ARM.exidx.text._ZL23__gxx_exception_cleanup19_Unwind_Reason_CodeP21_Unwind_Control_Block
                0x10010f98        0x8 /usr/lib/gcc/arm-none-eabi/13.2.1/../../../arm-none-eabi/lib/thumb/v8-m.main+fp/softfp/libstdc++.a(eh_throw.o)
 .ARM.exidx.text.__cxa_init_primary_exception
                0x10010fa0        0x8 /usr/lib/gcc/arm-none-eabi/13.2.1/../../../arm-none-eabi/lib/thumb/v8-m.main+fp/softfp/libstdc++.a(eh_throw.o)
 .ARM.exidx.text.__cxa_throw
                0x10010fa8        0x8 /usr/lib/gcc/arm-none-eabi/13.2.1/../../../arm-none-eabi/lib/thumb/v8-m.main+fp/softfp/libstdc++.a(eh_throw.o)
 .ARM.exidx.text.__cxa_rethrow
                0x10010fb0        0x8 /usr/lib/gcc/arm-none-eabi/13.2.1/../../../arm-none-eabi/lib/thumb/v8-m.main+fp/softfp/libstdc++.a(eh_throw.o)
 .ARM.exidx.text._ZN10__cxxabiv120__si_class_type_infoD2Ev
                0x10010fb8        0x8 /usr/lib/gcc/arm-none-eabi/13.2.1/../../../arm-none-eabi/lib/thumb/v8-m.main+fp/softfp/libstdc++.a(si_class_type_info.o)
 .ARM.exidx.text._ZN10__cxxabiv120__si_class_type_infoD0Ev
                0x10010fc0        0x0 /usr/lib/gcc/arm-none-eabi/13.2.1/../../../arm-none-eabi/lib/thumb/v8-m.main+fp/softfp/libstdc++.a(si_class_type_info.o)
                                  0x8 (size before relaxing)
 .ARM.exidx.text._ZNK10__cxxabiv120__si_class_type_info20__do_find_public_srcEiPKvPKNS_17__class_type_infoES2_
                0x10010fc0        0x0 /usr/lib/gcc/arm-none-eabi/13.2.1/../../../arm-none-eabi/lib/thumb/v8-m.main+fp/softfp/libstdc++.a(si_class_type_info.o)
                                  0x8 (size before relaxing)
 .ARM.exidx.text._ZNK10__cxxabiv120__si_class_type_info12__do_dyncastEiNS_17__class_type_info10__sub_kindEPKS1_PKvS4_S6_RNS1_16__dyncast_resultE
                0x10010fc0        0x0 /usr/lib/gcc/arm-none-eabi/13.2.1/../../../arm-none-eabi/lib/thumb/v8-m.main+fp/softfp/libstdc++.a(si_class_type_info.o)
                                  0x8 (size before relaxing)
 .ARM.exidx.text._ZNK10__cxxabiv120__si_class_type_info11__do_upcastEPKNS_17__class_type_infoEPKvRNS1_15__upcast_resultE
                0x10010fc0        0x8 /usr/lib/gcc/arm-none-eabi/13.2.1/../../../arm-none-eabi/lib/thumb/v8-m.main+fp/softfp/libstdc++.a(si_class_type_info.o)
 .ARM.exidx.text._ZNSt9type_infoD2Ev
                0x10010fc8        0x8 /usr/lib/gcc/arm-none-eabi/13.2.1/../../../arm-none-eabi/lib/thumb/v8-m.main+fp/softfp/libstdc++.a(tinfo.o)
 .ARM.exidx.text._ZNKSt9type_info14__is_pointer_pEv
                0x10010fd0        0x0 /usr/lib/gcc/arm-none-eabi/13.2.1/../../../arm-none-eabi/lib/thumb/v8-m.main+fp/softfp/libstdc++.a(tinfo.o)
                                  0x8 (size before relaxing)
 .ARM.exidx.text._ZNKSt9type_infoeqERKS_
                0x10010fd0        0x0 /usr/lib/gcc/arm-none-eabi/13.2.1/../../../arm-none-eabi/lib/thumb/v8-m.main+fp/softfp/libstdc++.a(tinfo.o)
                                  0x8 (size before relaxing)
 .ARM.exidx.text._ZNK10__cxxabiv117__class_type_info11__do_upcastEPKS0_PPv
                0x10010fd0        0x8 /usr/lib/gcc/arm-none-eabi/13.2.1/../../../arm-none-eabi/lib/thumb/v8-m.main+fp/softfp/libstdc++.a(class_type_info.o)
 .ARM.exidx.text._ZNK10__cxxabiv117__class_type_info20__do_find_public_srcEiPKvPKS0_S2_
                0x10010fd8        0x8 /usr/lib/gcc/arm-none-eabi/13.2.1/../../../arm-none-eabi/lib/thumb/v8-m.main+fp/softfp/libstdc++.a(class_type_info.o)
 .ARM.exidx.text._ZN10__cxxabiv117__class_type_infoD2Ev
                0x10010fe0        0x0 /usr/lib/gcc/arm-none-eabi/13.2.1/../../../arm-none-eabi/lib/thumb/v8-m.main+fp/softfp/libstdc++.a(class_type_info.o)
                                  0x8 (size before relaxing)
 .ARM.exidx.text._ZN10__cxxabiv117__class_type_infoD0Ev
                0x10010fe0        0x0 /usr/lib/gcc/arm-none-eabi/13.2.1/../../../arm-none-eabi/lib/thumb/v8-m.main+fp/softfp/libstdc++.a(class_type_info.o)
                                  0x8 (size before relaxing)
 .ARM.exidx.text._ZNK10__cxxabiv117__class_type_info12__do_dyncastEiNS0_10__sub_kindEPKS0_PKvS3_S5_RNS0_16__dyncast_resultE
                0x10010fe0        0x0 /usr/lib/gcc/arm-none-eabi/13.2.1/../../../arm-none-eabi/lib/thumb/v8-m.main+fp/softfp/libstdc++.a(class_type_info.o)
                                  0x8 (size before relaxing)
 .ARM.exidx.text._ZNK10__cxxabiv117__class_type_info11__do_upcastEPKS0_PKvRNS0_15__upcast_resultE
                0x10010fe0        0x0 /usr/lib/gcc/arm-none-eabi/13.2.1/../../../arm-none-eabi/lib/thumb/v8-m.main+fp/softfp/libstdc++.a(class_type_info.o)
                                  0x8 (size before relaxing)
 .ARM.exidx.text._ZNK10__cxxabiv117__class_type_info10__do_catchEPKSt9type_infoPPvj
                0x10010fe0        0x0 /usr/lib/gcc/arm-none-eabi/13.2.1/../../../arm-none-eabi/lib/thumb/v8-m.main+fp/softfp/libstdc++.a(class_type_info.o)
                                  0x8 (size before relaxing)
 .ARM.exidx.text._ZN10__cxxabiv1L24__is_gxx_exception_classEPc
                0x10010fe0        0x0 /usr/lib/gcc/arm-none-eabi/13.2.1/../../../arm-none-eabi/lib/thumb/v8-m.main+fp/softfp/libstdc++.a(eh_call.o)
                                  0x8 (size before relaxing)
 .ARM.exidx.text.__cxa_call_terminate
                0x10010fe0        0x0 /usr/lib/gcc/arm-none-eabi/13.2.1/../../../arm-none-eabi/lib/thumb/v8-m.main+fp/softfp/libstdc++.a(eh_call.o)
                                  0x8 (size before relaxing)
 .ARM.exidx.text.unlikely.__cxa_call_unexpected
                0x10010fe0       0x10 /usr/lib/gcc/arm-none-eabi/13.2.1/../../../arm-none-eabi/lib/thumb/v8-m.main+fp/softfp/libstdc++.a(eh_call.o)
                                  0x8 (size before relaxing)
 .ARM.exidx     0x10010ff0        0x0 /usr/lib/gcc/arm-none-eabi/13.2.1/../../../arm-none-eabi/lib/thumb/v8-m.main+fp/softfp/libg.a(libc_a-strcmp.o)
                                  0x8 (size before relaxing)
 .ARM.exidx     0x10010ff0        0x0 /usr/lib/gcc/arm-none-eabi/13.2.1/../../../arm-none-eabi/lib/thumb/v8-m.main+fp/softfp/libg.a(libc_a-memcpy.o)
                                  0x8 (size before relaxing)
 .ARM.exidx     0x10010ff0        0x0 /usr/lib/gcc/arm-none-eabi/13.2.1/thumb/v8-m.main+fp/softfp/libgcc.a(_udivmoddi4.o)
                                  0x8 (size before relaxing)
 .ARM.exidx     0x10010ff0       0x78 /usr/lib/gcc/arm-none-eabi/13.2.1/thumb/v8-m.main+fp/softfp/libgcc.a(unwind-arm.o)
                                 0xd8 (size before relaxing)
 .ARM.exidx     0x10011068       0x30 /usr/lib/gcc/arm-none-eabi/13.2.1/thumb/v8-m.main+fp/softfp/libgcc.a(pr-support.o)
                                 0x38 (size before relaxing)
 .ARM.exidx.text.unlikely
                0x10011098        0x8 /usr/lib/gcc/arm-none-eabi/13.2.1/thumb/v8-m.main+fp/softfp/libgcc.a(pr-support.o)
                                 0x10 (size before relaxing)
                0x100110a0                        __exidx_end = .
                0x100110a0                        . = ALIGN (0x4)
                0x100110a0                        __binary_info_start = .

.binary_info    0x100110a0       0x2c
 *(.binary_info.keep.*)
 .binary_info.keep.__bi_ptr84
                0x100110a0        0x4 CMakeFiles/LGMSerialLED.dir/_deps/pico_sdk-src/src/rp2_common/pico_standard_binary_info/standard_binary_info.c.o
 .binary_info.keep.__bi_ptr78
                0x100110a4        0x4 CMakeFiles/LGMSerialLED.dir/_deps/pico_sdk-src/src/rp2_common/pico_standard_binary_info/standard_binary_info.c.o
 .binary_info.keep.__bi_ptr60
                0x100110a8        0x4 CMakeFiles/LGMSerialLED.dir/_deps/pico_sdk-src/src/rp2_common/pico_standard_binary_info/standard_binary_info.c.o
 .binary_info.keep.__bi_ptr54
                0x100110ac        0x4 CMakeFiles/LGMSerialLED.dir/_deps/pico_sdk-src/src/rp2_common/pico_standard_binary_info/standard_binary_info.c.o
 .binary_info.keep.__bi_ptr48
                0x100110b0        0x4 CMakeFiles/LGMSerialLED.dir/_deps/pico_sdk-src/src/rp2_common/pico_standard_binary_info/standard_binary_info.c.o
 .binary_info.keep.__bi_ptr42
                0x100110b4        0x4 CMakeFiles/LGMSerialLED.dir/_deps/pico_sdk-src/src/rp2_common/pico_standard_binary_info/standard_binary_info.c.o
 .binary_info.keep.__bi_ptr34
                0x100110b8        0x4 CMakeFiles/LGMSerialLED.dir/_deps/pico_sdk-src/src/rp2_common/pico_standard_binary_info/standard_binary_info.c.o
 .binary_info.keep.__bi_ptr26
                0x100110bc        0x4 CMakeFiles/LGMSerialLED.dir/_deps/pico_sdk-src/src/rp2_common/pico_standard_binary_info/standard_binary_info.c.o
 *(.binary_info.*)
 .binary_info.__bi_ptr50
                0x100110c0        0x4 CMakeFiles/LGMSerialLED.dir/_deps/pico_sdk-src/src/rp2_common/pico_stdio_uart/stdio_uart.c.o
 .binary_info.__bi_ptr49
                0x100110c4        0x4 CMakeFiles/LGMSerialLED.dir/_deps/pico_sdk-src/src/rp2_common/pico_stdio_uart/stdio_uart.c.o
 .binary_info.__bi_ptr45
                0x100110c8        0x4 CMakeFiles/LGMSerialLED.dir/_deps/pico_sdk-src/src/rp2_common/pico_stdio_uart/stdio_uart.c.o
                0x100110cc                        __binary_info_end = .
                0x100110cc                        . = ALIGN (0x4)

.ram_vector_table
                0x20000000      0x110
 *(.ram_vector_table)
 .ram_vector_table
                0x20000000      0x110 CMakeFiles/LGMSerialLED.dir/_deps/pico_sdk-src/src/rp2_common/pico_runtime_init/runtime_init.c.o
                0x20000000                ram_vector_table

.uninitialized_data
                0x20000110        0x0
                0x20000110                        . = ALIGN (0x4)
 *(.uninitialized_data*)

.data           0x20000110     0x1f54 load address 0x100110cc
                0x20000110                        __data_start__ = .
 *(vtable)
 *(.time_critical*)
 .time_critical.mutex_enter_block_until
                0x20000110       0x70 CMakeFiles/LGMSerialLED.dir/_deps/pico_sdk-src/src/common/pico_sync/mutex.c.o
                0x20000110                mutex_enter_block_until
 .time_critical.mutex_try_enter_block_until
                0x20000180       0x6c CMakeFiles/LGMSerialLED.dir/_deps/pico_sdk-src/src/common/pico_sync/mutex.c.o
                0x20000180                mutex_try_enter_block_until
 .time_critical.mutex_exit
                0x200001ec       0x3c CMakeFiles/LGMSerialLED.dir/_deps/pico_sdk-src/src/common/pico_sync/mutex.c.o
                0x200001ec                mutex_exit
 *(.text*)
 .text          0x20000228       0x80 /usr/lib/gcc/arm-none-eabi/13.2.1/../../../arm-none-eabi/lib/thumb/v8-m.main+fp/softfp/libm.a(libm_a-s_lround.o)
                0x20000228                lround
 .text          0x200002a8      0x378 /usr/lib/gcc/arm-none-eabi/13.2.1/thumb/v8-m.main+fp/softfp/libgcc.a(_arm_addsubdf3.o)
                0x200002a8                __aeabi_drsub
                0x200002b0                __aeabi_dsub
                0x200002b0                __subdf3
                0x200002b4                __adddf3
                0x200002b4                __aeabi_dadd
                0x2000052c                __aeabi_ui2d
                0x2000052c                __floatunsidf
                0x2000054c                __floatsidf
                0x2000054c                __aeabi_i2d
                0x20000570                __extendsfdf2
                0x20000570                __aeabi_f2d
                0x200005b4                __aeabi_ul2d
                0x200005b4                __floatundidf
                0x200005c4                __floatdidf
                0x200005c4                __aeabi_l2d
 .text          0x20000620       0x30 /usr/lib/gcc/arm-none-eabi/13.2.1/thumb/v8-m.main+fp/softfp/libgcc.a(_aeabi_uldivmod.o)
                0x20000620                __aeabi_uldivmod
 .text          0x20000650      0x300 /usr/lib/gcc/arm-none-eabi/13.2.1/thumb/v8-m.main+fp/softfp/libgcc.a(_udivmoddi4.o)
                0x20000650                __udivmoddi4
 .text          0x20000950      0xa40 /usr/lib/gcc/arm-none-eabi/13.2.1/thumb/v8-m.main+fp/softfp/libgcc.a(unwind-arm.o)
                0x20000c0c                _Unwind_GetCFA
                0x20000c10                __gnu_Unwind_RaiseException
                0x20000c78                __gnu_Unwind_ForcedUnwind
                0x20000c8c                __gnu_Unwind_Resume
                0x20000ccc                __gnu_Unwind_Resume_or_Rethrow
                0x20000ce0                _Unwind_Complete
                0x20000ce4                _Unwind_DeleteException
                0x20000cf0                _Unwind_VRS_Get
                0x20000d3c                _Unwind_VRS_Set
                0x20000d88                __gnu_Unwind_Backtrace
                0x200010b4                __aeabi_unwind_cpp_pr0
                0x200010b8                __aeabi_unwind_cpp_pr1
                0x200010bc                __aeabi_unwind_cpp_pr2
                0x200010c0                _Unwind_VRS_Pop
 .text          0x20001390      0x1ac /usr/lib/gcc/arm-none-eabi/13.2.1/thumb/v8-m.main+fp/softfp/libgcc.a(libunwind.o)
                0x20001390                __restore_core_regs
                0x20001390                restore_core_regs
                0x200013a8                __gnu_Unwind_Restore_VFP
                0x200013b0                __gnu_Unwind_Save_VFP
                0x200013b8                __gnu_Unwind_Restore_VFP_D
                0x200013c0                __gnu_Unwind_Save_VFP_D
                0x200013c8                __gnu_Unwind_Restore_VFP_D_16_to_31
                0x200013d0                __gnu_Unwind_Save_VFP_D_16_to_31
                0x200013d8                __gnu_Unwind_Restore_WMMXD
                0x2000141c                __gnu_Unwind_Save_WMMXD
                0x20001460                __gnu_Unwind_Restore_WMMXC
                0x20001474                __gnu_Unwind_Save_WMMXC
                0x20001488                ___Unwind_RaiseException
                0x20001488                _Unwind_RaiseException
                0x200014ac                ___Unwind_Resume
                0x200014ac                _Unwind_Resume
                0x200014d0                _Unwind_Resume_or_Rethrow
                0x200014d0                ___Unwind_Resume_or_Rethrow
                0x200014f4                ___Unwind_ForcedUnwind
                0x200014f4                _Unwind_ForcedUnwind